nohup: ignoring input
2026-05-24 22:10:52.642 | INFO     | __main__:__init__:269 - LOBCollector initialized | symbols=['BTCUSDT', 'ETHUSDT', 'SOLUSDT'] | levels=10 | interval=0.5s
2026-05-24 22:10:52.642 | INFO     | __main__:collect:287 - Starting collection | duration=57600s | estimated snapshots per symbol: ~38400
2026-05-24 22:36:07.027 | DEBUG    | __main__:_flush:357 - Flushed 1000 rows → data/raw/BTCUSDT/2026-05-25.parquet (total rows in file: 1000)
2026-05-24 22:36:07.478 | DEBUG    | __main__:_flush:357 - Flushed 1000 rows → data/raw/ETHUSDT/2026-05-25.parquet (total rows in file: 1000)
2026-05-24 22:36:08.007 | DEBUG    | __main__:_flush:357 - Flushed 1000 rows → data/raw/SOLUSDT/2026-05-25.parquet (total rows in file: 1000)
2026-05-24 23:01:28.358 | DEBUG    | __main__:_flush:357 - Flushed 1000 rows → data/raw/BTCUSDT/2026-05-25.parquet (total rows in file: 2000)
2026-05-24 23:01:28.786 | DEBUG    | __main__:_flush:357 - Flushed 1000 rows → data/raw/ETHUSDT/2026-05-25.parquet (total rows in file: 2000)
2026-05-24 23:01:29.297 | DEBUG    | __main__:_flush:357 - Flushed 1000 rows → data/raw/SOLUSDT/2026-05-25.parquet (total rows in file: 2000)
2026-05-24 23:26:39.480 | DEBUG    | __main__:_flush:357 - Flushed 1000 rows → data/raw/BTCUSDT/2026-05-25.parquet (total rows in file: 3000)
2026-05-24 23:26:39.916 | DEBUG    | __main__:_flush:357 - Flushed 1000 rows → data/raw/ETHUSDT/2026-05-25.parquet (total rows in file: 3000)
2026-05-24 23:26:40.423 | DEBUG    | __main__:_flush:357 - Flushed 1000 rows → data/raw/SOLUSDT/2026-05-25.parquet (total rows in file: 3000)
2026-05-24 23:51:55.308 | DEBUG    | __main__:_flush:357 - Flushed 1000 rows → data/raw/BTCUSDT/2026-05-25.parquet (total rows in file: 4000)
2026-05-24 23:51:55.714 | DEBUG    | __main__:_flush:357 - Flushed 1000 rows → data/raw/ETHUSDT/2026-05-25.parquet (total rows in file: 4000)
2026-05-24 23:51:56.534 | DEBUG    | __main__:_flush:357 - Flushed 1000 rows → data/raw/SOLUSDT/2026-05-25.parquet (total rows in file: 4000)
2026-05-25 00:17:31.099 | DEBUG    | __main__:_flush:357 - Flushed 1000 rows → data/raw/BTCUSDT/2026-05-25.parquet (total rows in file: 5000)
2026-05-25 00:17:31.504 | DEBUG    | __main__:_flush:357 - Flushed 1000 rows → data/raw/ETHUSDT/2026-05-25.parquet (total rows in file: 5000)
2026-05-25 00:17:32.016 | DEBUG    | __main__:_flush:357 - Flushed 1000 rows → data/raw/SOLUSDT/2026-05-25.parquet (total rows in file: 5000)
2026-05-25 00:42:56.892 | DEBUG    | __main__:_flush:357 - Flushed 1000 rows → data/raw/BTCUSDT/2026-05-25.parquet (total rows in file: 6000)
2026-05-25 00:42:57.292 | DEBUG    | __main__:_flush:357 - Flushed 1000 rows → data/raw/ETHUSDT/2026-05-25.parquet (total rows in file: 6000)
2026-05-25 00:42:57.791 | DEBUG    | __main__:_flush:357 - Flushed 1000 rows → data/raw/SOLUSDT/2026-05-25.parquet (total rows in file: 6000)
2026-05-25 01:08:17.424 | DEBUG    | __main__:_flush:357 - Flushed 1000 rows → data/raw/BTCUSDT/2026-05-25.parquet (total rows in file: 7000)
2026-05-25 01:08:17.933 | DEBUG    | __main__:_flush:357 - Flushed 1000 rows → data/raw/ETHUSDT/2026-05-25.parquet (total rows in file: 7000)
2026-05-25 01:08:18.446 | DEBUG    | __main__:_flush:357 - Flushed 1000 rows → data/raw/SOLUSDT/2026-05-25.parquet (total rows in file: 7000)
2026-05-25 01:33:28.352 | DEBUG    | __main__:_flush:357 - Flushed 1000 rows → data/raw/BTCUSDT/2026-05-25.parquet (total rows in file: 8000)
2026-05-25 01:33:28.862 | DEBUG    | __main__:_flush:357 - Flushed 1000 rows → data/raw/ETHUSDT/2026-05-25.parquet (total rows in file: 8000)
2026-05-25 01:33:29.377 | DEBUG    | __main__:_flush:357 - Flushed 1000 rows → data/raw/SOLUSDT/2026-05-25.parquet (total rows in file: 8000)
2026-05-25 01:58:41.723 | DEBUG    | __main__:_flush:357 - Flushed 1000 rows → data/raw/BTCUSDT/2026-05-25.parquet (total rows in file: 9000)
2026-05-25 01:58:42.045 | DEBUG    | __main__:_flush:357 - Flushed 1000 rows → data/raw/ETHUSDT/2026-05-25.parquet (total rows in file: 9000)
2026-05-25 01:58:42.558 | DEBUG    | __main__:_flush:357 - Flushed 1000 rows → data/raw/SOLUSDT/2026-05-25.parquet (total rows in file: 9000)
2026-05-25 02:23:57.082 | DEBUG    | __main__:_flush:357 - Flushed 1000 rows → data/raw/BTCUSDT/2026-05-25.parquet (total rows in file: 10000)
2026-05-25 02:23:57.541 | DEBUG    | __main__:_flush:357 - Flushed 1000 rows → data/raw/ETHUSDT/2026-05-25.parquet (total rows in file: 10000)
2026-05-25 02:23:58.055 | DEBUG    | __main__:_flush:357 - Flushed 1000 rows → data/raw/SOLUSDT/2026-05-25.parquet (total rows in file: 10000)
2026-05-25 02:49:07.700 | DEBUG    | __main__:_flush:357 - Flushed 1000 rows → data/raw/BTCUSDT/2026-05-25.parquet (total rows in file: 11000)
2026-05-25 02:49:08.201 | DEBUG    | __main__:_flush:357 - Flushed 1000 rows → data/raw/ETHUSDT/2026-05-25.parquet (total rows in file: 11000)
2026-05-25 02:49:08.817 | DEBUG    | __main__:_flush:357 - Flushed 1000 rows → data/raw/SOLUSDT/2026-05-25.parquet (total rows in file: 11000)
2026-05-25 03:14:22.820 | DEBUG    | __main__:_flush:357 - Flushed 1000 rows → data/raw/BTCUSDT/2026-05-25.parquet (total rows in file: 12000)
2026-05-25 03:14:23.340 | DEBUG    | __main__:_flush:357 - Flushed 1000 rows → data/raw/ETHUSDT/2026-05-25.parquet (total rows in file: 12000)
2026-05-25 03:14:23.845 | DEBUG    | __main__:_flush:357 - Flushed 1000 rows → data/raw/SOLUSDT/2026-05-25.parquet (total rows in file: 12000)
2026-05-25 03:39:52.592 | DEBUG    | __main__:_flush:357 - Flushed 1000 rows → data/raw/BTCUSDT/2026-05-25.parquet (total rows in file: 13000)
2026-05-25 03:39:52.995 | DEBUG    | __main__:_flush:357 - Flushed 1000 rows → data/raw/ETHUSDT/2026-05-25.parquet (total rows in file: 13000)
2026-05-25 03:39:53.506 | DEBUG    | __main__:_flush:357 - Flushed 1000 rows → data/raw/SOLUSDT/2026-05-25.parquet (total rows in file: 13000)
2026-05-25 04:05:12.328 | DEBUG    | __main__:_flush:357 - Flushed 1000 rows → data/raw/BTCUSDT/2026-05-25.parquet (total rows in file: 14000)
2026-05-25 04:05:12.832 | DEBUG    | __main__:_flush:357 - Flushed 1000 rows → data/raw/ETHUSDT/2026-05-25.parquet (total rows in file: 14000)
2026-05-25 04:05:13.347 | DEBUG    | __main__:_flush:357 - Flushed 1000 rows → data/raw/SOLUSDT/2026-05-25.parquet (total rows in file: 14000)
2026-05-25 04:30:22.244 | DEBUG    | __main__:_flush:357 - Flushed 1000 rows → data/raw/BTCUSDT/2026-05-25.parquet (total rows in file: 15000)
2026-05-25 04:30:22.733 | DEBUG    | __main__:_flush:357 - Flushed 1000 rows → data/raw/ETHUSDT/2026-05-25.parquet (total rows in file: 15000)
2026-05-25 04:30:23.245 | DEBUG    | __main__:_flush:357 - Flushed 1000 rows → data/raw/SOLUSDT/2026-05-25.parquet (total rows in file: 15000)
2026-05-25 04:55:46.365 | DEBUG    | __main__:_flush:357 - Flushed 1000 rows → data/raw/BTCUSDT/2026-05-25.parquet (total rows in file: 16000)
2026-05-25 04:55:46.778 | DEBUG    | __main__:_flush:357 - Flushed 1000 rows → data/raw/ETHUSDT/2026-05-25.parquet (total rows in file: 16000)
2026-05-25 04:55:47.282 | DEBUG    | __main__:_flush:357 - Flushed 1000 rows → data/raw/SOLUSDT/2026-05-25.parquet (total rows in file: 16000)
2026-05-25 05:21:25.353 | DEBUG    | __main__:_flush:357 - Flushed 1000 rows → data/raw/BTCUSDT/2026-05-25.parquet (total rows in file: 17000)
2026-05-25 05:21:25.856 | DEBUG    | __main__:_flush:357 - Flushed 1000 rows → data/raw/ETHUSDT/2026-05-25.parquet (total rows in file: 17000)
2026-05-25 05:21:26.369 | DEBUG    | __main__:_flush:357 - Flushed 1000 rows → data/raw/SOLUSDT/2026-05-25.parquet (total rows in file: 17000)
2026-05-25 05:46:39.969 | DEBUG    | __main__:_flush:357 - Flushed 1000 rows → data/raw/BTCUSDT/2026-05-25.parquet (total rows in file: 18000)
2026-05-25 05:46:40.472 | DEBUG    | __main__:_flush:357 - Flushed 1000 rows → data/raw/ETHUSDT/2026-05-25.parquet (total rows in file: 18000)
2026-05-25 05:46:40.982 | DEBUG    | __main__:_flush:357 - Flushed 1000 rows → data/raw/SOLUSDT/2026-05-25.parquet (total rows in file: 18000)
2026-05-25 06:11:54.787 | DEBUG    | __main__:_flush:357 - Flushed 1000 rows → data/raw/BTCUSDT/2026-05-25.parquet (total rows in file: 19000)
2026-05-25 06:11:55.191 | DEBUG    | __main__:_flush:357 - Flushed 1000 rows → data/raw/ETHUSDT/2026-05-25.parquet (total rows in file: 19000)
2026-05-25 06:11:55.701 | DEBUG    | __main__:_flush:357 - Flushed 1000 rows → data/raw/SOLUSDT/2026-05-25.parquet (total rows in file: 19000)
2026-05-25 06:37:31.314 | DEBUG    | __main__:_flush:357 - Flushed 1000 rows → data/raw/BTCUSDT/2026-05-25.parquet (total rows in file: 20000)
2026-05-25 06:37:31.722 | DEBUG    | __main__:_flush:357 - Flushed 1000 rows → data/raw/ETHUSDT/2026-05-25.parquet (total rows in file: 20000)
2026-05-25 06:37:32.227 | DEBUG    | __main__:_flush:357 - Flushed 1000 rows → data/raw/SOLUSDT/2026-05-25.parquet (total rows in file: 20000)
2026-05-25 07:02:41.930 | DEBUG    | __main__:_flush:357 - Flushed 1000 rows → data/raw/BTCUSDT/2026-05-25.parquet (total rows in file: 21000)
2026-05-25 07:02:42.321 | DEBUG    | __main__:_flush:357 - Flushed 1000 rows → data/raw/ETHUSDT/2026-05-25.parquet (total rows in file: 21000)
2026-05-25 07:02:42.952 | DEBUG    | __main__:_flush:357 - Flushed 1000 rows → data/raw/SOLUSDT/2026-05-25.parquet (total rows in file: 21000)
2026-05-25 07:28:02.080 | DEBUG    | __main__:_flush:357 - Flushed 1000 rows → data/raw/BTCUSDT/2026-05-25.parquet (total rows in file: 22000)
2026-05-25 07:28:02.587 | DEBUG    | __main__:_flush:357 - Flushed 1000 rows → data/raw/ETHUSDT/2026-05-25.parquet (total rows in file: 22000)
2026-05-25 07:28:03.096 | DEBUG    | __main__:_flush:357 - Flushed 1000 rows → data/raw/SOLUSDT/2026-05-25.parquet (total rows in file: 22000)
2026-05-25 07:53:12.392 | DEBUG    | __main__:_flush:357 - Flushed 1000 rows → data/raw/BTCUSDT/2026-05-25.parquet (total rows in file: 23000)
2026-05-25 07:53:12.895 | DEBUG    | __main__:_flush:357 - Flushed 1000 rows → data/raw/ETHUSDT/2026-05-25.parquet (total rows in file: 23000)
2026-05-25 07:53:13.407 | DEBUG    | __main__:_flush:357 - Flushed 1000 rows → data/raw/SOLUSDT/2026-05-25.parquet (total rows in file: 23000)
2026-05-25 08:18:22.395 | DEBUG    | __main__:_flush:357 - Flushed 1000 rows → data/raw/BTCUSDT/2026-05-25.parquet (total rows in file: 24000)
2026-05-25 08:18:22.907 | DEBUG    | __main__:_flush:357 - Flushed 1000 rows → data/raw/ETHUSDT/2026-05-25.parquet (total rows in file: 24000)
2026-05-25 08:18:23.414 | DEBUG    | __main__:_flush:357 - Flushed 1000 rows → data/raw/SOLUSDT/2026-05-25.parquet (total rows in file: 24000)
2026-05-25 08:43:27.894 | DEBUG    | __main__:_flush:357 - Flushed 1000 rows → data/raw/BTCUSDT/2026-05-25.parquet (total rows in file: 25000)
2026-05-25 08:43:28.402 | DEBUG    | __main__:_flush:357 - Flushed 1000 rows → data/raw/ETHUSDT/2026-05-25.parquet (total rows in file: 25000)
2026-05-25 08:43:28.911 | DEBUG    | __main__:_flush:357 - Flushed 1000 rows → data/raw/SOLUSDT/2026-05-25.parquet (total rows in file: 25000)
2026-05-25 09:08:40.155 | DEBUG    | __main__:_flush:357 - Flushed 1000 rows → data/raw/BTCUSDT/2026-05-25.parquet (total rows in file: 26000)
2026-05-25 09:08:40.658 | DEBUG    | __main__:_flush:357 - Flushed 1000 rows → data/raw/ETHUSDT/2026-05-25.parquet (total rows in file: 26000)
2026-05-25 09:08:41.171 | DEBUG    | __main__:_flush:357 - Flushed 1000 rows → data/raw/SOLUSDT/2026-05-25.parquet (total rows in file: 26000)
2026-05-25 09:33:57.641 | DEBUG    | __main__:_flush:357 - Flushed 1000 rows → data/raw/BTCUSDT/2026-05-25.parquet (total rows in file: 27000)
2026-05-25 09:33:58.099 | DEBUG    | __main__:_flush:357 - Flushed 1000 rows → data/raw/ETHUSDT/2026-05-25.parquet (total rows in file: 27000)
2026-05-25 09:33:58.761 | DEBUG    | __main__:_flush:357 - Flushed 1000 rows → data/raw/SOLUSDT/2026-05-25.parquet (total rows in file: 27000)
2026-05-25 09:59:05.599 | DEBUG    | __main__:_flush:357 - Flushed 1000 rows → data/raw/BTCUSDT/2026-05-25.parquet (total rows in file: 28000)
2026-05-25 09:59:06.097 | DEBUG    | __main__:_flush:357 - Flushed 1000 rows → data/raw/ETHUSDT/2026-05-25.parquet (total rows in file: 28000)
2026-05-25 09:59:06.612 | DEBUG    | __main__:_flush:357 - Flushed 1000 rows → data/raw/SOLUSDT/2026-05-25.parquet (total rows in file: 28000)
2026-05-25 10:24:18.064 | DEBUG    | __main__:_flush:357 - Flushed 1000 rows → data/raw/BTCUSDT/2026-05-25.parquet (total rows in file: 29000)
2026-05-25 10:24:18.674 | DEBUG    | __main__:_flush:357 - Flushed 1000 rows → data/raw/ETHUSDT/2026-05-25.parquet (total rows in file: 29000)
2026-05-25 10:24:19.183 | DEBUG    | __main__:_flush:357 - Flushed 1000 rows → data/raw/SOLUSDT/2026-05-25.parquet (total rows in file: 29000)
2026-05-25 10:49:26.843 | DEBUG    | __main__:_flush:357 - Flushed 1000 rows → data/raw/BTCUSDT/2026-05-25.parquet (total rows in file: 30000)
2026-05-25 10:49:27.345 | DEBUG    | __main__:_flush:357 - Flushed 1000 rows → data/raw/ETHUSDT/2026-05-25.parquet (total rows in file: 30000)
2026-05-25 10:49:27.853 | DEBUG    | __main__:_flush:357 - Flushed 1000 rows → data/raw/SOLUSDT/2026-05-25.parquet (total rows in file: 30000)
2026-05-25 11:14:34.696 | DEBUG    | __main__:_flush:357 - Flushed 1000 rows → data/raw/BTCUSDT/2026-05-25.parquet (total rows in file: 31000)
2026-05-25 11:14:35.197 | DEBUG    | __main__:_flush:357 - Flushed 1000 rows → data/raw/ETHUSDT/2026-05-25.parquet (total rows in file: 31000)
2026-05-25 11:14:35.712 | DEBUG    | __main__:_flush:357 - Flushed 1000 rows → data/raw/SOLUSDT/2026-05-25.parquet (total rows in file: 31000)
2026-05-25 11:40:08.589 | DEBUG    | __main__:_flush:357 - Flushed 1000 rows → data/raw/BTCUSDT/2026-05-25.parquet (total rows in file: 32000)
2026-05-25 11:40:09.091 | DEBUG    | __main__:_flush:357 - Flushed 1000 rows → data/raw/ETHUSDT/2026-05-25.parquet (total rows in file: 32000)
2026-05-25 11:40:09.891 | DEBUG    | __main__:_flush:357 - Flushed 1000 rows → data/raw/SOLUSDT/2026-05-25.parquet (total rows in file: 32000)
2026-05-25 12:05:18.908 | DEBUG    | __main__:_flush:357 - Flushed 1000 rows → data/raw/BTCUSDT/2026-05-25.parquet (total rows in file: 33000)
2026-05-25 12:05:19.306 | DEBUG    | __main__:_flush:357 - Flushed 1000 rows → data/raw/ETHUSDT/2026-05-25.parquet (total rows in file: 33000)
2026-05-25 12:05:19.816 | DEBUG    | __main__:_flush:357 - Flushed 1000 rows → data/raw/SOLUSDT/2026-05-25.parquet (total rows in file: 33000)
2026-05-25 12:30:51.961 | DEBUG    | __main__:_flush:357 - Flushed 1000 rows → data/raw/BTCUSDT/2026-05-25.parquet (total rows in file: 34000)
2026-05-25 12:30:52.454 | DEBUG    | __main__:_flush:357 - Flushed 1000 rows → data/raw/ETHUSDT/2026-05-25.parquet (total rows in file: 34000)
2026-05-25 12:30:52.970 | DEBUG    | __main__:_flush:357 - Flushed 1000 rows → data/raw/SOLUSDT/2026-05-25.parquet (total rows in file: 34000)
2026-05-25 12:56:09.952 | DEBUG    | __main__:_flush:357 - Flushed 1000 rows → data/raw/BTCUSDT/2026-05-25.parquet (total rows in file: 35000)
2026-05-25 12:56:10.345 | DEBUG    | __main__:_flush:357 - Flushed 1000 rows → data/raw/ETHUSDT/2026-05-25.parquet (total rows in file: 35000)
2026-05-25 12:56:10.967 | DEBUG    | __main__:_flush:357 - Flushed 1000 rows → data/raw/SOLUSDT/2026-05-25.parquet (total rows in file: 35000)
2026-05-25 13:21:51.811 | DEBUG    | __main__:_flush:357 - Flushed 1000 rows → data/raw/BTCUSDT/2026-05-25.parquet (total rows in file: 36000)
2026-05-25 13:21:52.409 | DEBUG    | __main__:_flush:357 - Flushed 1000 rows → data/raw/ETHUSDT/2026-05-25.parquet (total rows in file: 36000)
2026-05-25 13:21:52.831 | DEBUG    | __main__:_flush:357 - Flushed 1000 rows → data/raw/SOLUSDT/2026-05-25.parquet (total rows in file: 36000)
2026-05-25 13:47:17.076 | DEBUG    | __main__:_flush:357 - Flushed 1000 rows → data/raw/BTCUSDT/2026-05-25.parquet (total rows in file: 37000)
2026-05-25 13:47:17.646 | DEBUG    | __main__:_flush:357 - Flushed 1000 rows → data/raw/ETHUSDT/2026-05-25.parquet (total rows in file: 37000)
2026-05-25 13:47:18.090 | DEBUG    | __main__:_flush:357 - Flushed 1000 rows → data/raw/SOLUSDT/2026-05-25.parquet (total rows in file: 37000)
2026-05-25 14:10:52.971 | DEBUG    | __main__:_flush:357 - Flushed 920 rows → data/raw/BTCUSDT/2026-05-25.parquet (total rows in file: 37920)
2026-05-25 14:10:53.109 | DEBUG    | __main__:_flush:357 - Flushed 920 rows → data/raw/ETHUSDT/2026-05-25.parquet (total rows in file: 37920)
2026-05-25 14:10:53.244 | DEBUG    | __main__:_flush:357 - Flushed 919 rows → data/raw/SOLUSDT/2026-05-25.parquet (total rows in file: 37919)
2026-05-25 14:10:53.246 | INFO     | __main__:_log_summary:364 - === Collection summary ===
2026-05-25 14:10:53.246 | INFO     | __main__:_log_summary:370 -   BTCUSDT: collected=37920 | failed=0 | invalid=0 | success_rate=100.0%
2026-05-25 14:10:53.247 | INFO     | __main__:_log_summary:370 -   ETHUSDT: collected=37920 | failed=0 | invalid=0 | success_rate=100.0%
2026-05-25 14:10:53.247 | INFO     | __main__:_log_summary:370 -   SOLUSDT: collected=37919 | failed=0 | invalid=0 | success_rate=100.0%
