2026-05-23 22:50:58.492 | INFO     | __main__:run_experiment:94 - Experiment started | output=experiments/20260524_025058
2026-05-23 22:50:58.492 | INFO     | __main__:run_experiment:95 - Args: {'symbols': ['BTCUSDT', 'ETHUSDT'], 'use_sim': False, 'horizons': [10, 20, 50], 'alpha': 0.0, 'seq_len': 100, 'epochs': 50, 'lr': 0.001, 'patience': 10, 'batch_size': 512}
2026-05-23 22:50:58.531 | INFO     | __main__:load_data:64 - Loaded 28,603 rows from data/raw/BTCUSDT/2026-05-13.parquet
2026-05-23 22:50:58.546 | INFO     | __main__:load_data:64 - Loaded 28,603 rows from data/raw/ETHUSDT/2026-05-13.parquet
2026-05-23 22:50:58.571 | INFO     | __main__:load_data:76 - Combined dataset: 57,206 rows | symbols=['BTCUSDT', 'ETHUSDT'] | columns=47
2026-05-23 22:50:58.571 | INFO     | __main__:run_experiment:111 - Computing features...
2026-05-23 22:50:58.689 | INFO     | src.features.engineering:compute_features:182 - Feature engineering complete | input_cols=47 | output_cols=88 | new_features=41
2026-05-23 22:50:58.689 | INFO     | __main__:run_experiment:114 - Computing labels (horizons=[10, 20, 50])...
2026-05-23 22:50:59.129 | INFO     | src.features.engineering:compute_labels:77 - k=10: auto-calibrated alpha=0.000091 (0.0091% | targets 15% flat)
2026-05-23 22:50:59.534 | INFO     | src.features.engineering:compute_labels:97 - Labels k= 10: up= 4,315 (7.5%) | flat=48,608 (85.0%) | down= 4,263 (7.5%)
2026-05-23 22:50:59.960 | INFO     | src.features.engineering:compute_labels:77 - k=20: auto-calibrated alpha=0.000136 (0.0136% | targets 15% flat)
2026-05-23 22:51:00.347 | INFO     | src.features.engineering:compute_labels:97 - Labels k= 20: up= 4,310 (7.5%) | flat=48,591 (84.9%) | down= 4,265 (7.5%)
2026-05-23 22:51:00.710 | INFO     | src.features.engineering:compute_labels:77 - k=50: auto-calibrated alpha=0.000224 (0.0224% | targets 15% flat)
2026-05-23 22:51:01.134 | INFO     | src.features.engineering:compute_labels:97 - Labels k= 50: up= 4,240 (7.4%) | flat=48,540 (84.9%) | down= 4,326 (7.6%)
2026-05-23 22:51:01.682 | INFO     | __main__:run_experiment:126 - Feature matrix saved → data/features/features_20260524_025058.parquet
2026-05-23 22:51:01.682 | INFO     | __main__:run_experiment:134 - 
============================================================
2026-05-23 22:51:01.682 | INFO     | __main__:run_experiment:135 - Running experiments for horizon k=10
2026-05-23 22:51:01.683 | INFO     | __main__:run_experiment:136 - ============================================================
2026-05-23 22:51:01.881 | INFO     | src.features.engineering:build_dataset:268 -   BTCUSDT: train=19,941 | val=4,273 | test=4,274
2026-05-23 22:51:02.087 | INFO     | src.features.engineering:build_dataset:268 -   ETHUSDT: train=19,942 | val=4,273 | test=4,274
2026-05-23 22:51:02.513 | INFO     | src.features.engineering:build_dataset:290 - Dataset built | horizon=k10 | seq_len=100 | features=41 | train=39,883 | val=8,546 | test=8,548
2026-05-23 22:51:02.513 | INFO     | src.features.engineering:build_dataset:298 -   train class distribution: {-1: 2535, 0: 34548, 1: 2800}
2026-05-23 22:51:02.513 | INFO     | src.features.engineering:build_dataset:298 -   val class distribution: {-1: 658, 0: 7297, 1: 591}
2026-05-23 22:51:02.513 | INFO     | src.features.engineering:build_dataset:298 -   test class distribution: {-1: 1034, 0: 6618, 1: 896}
2026-05-23 22:51:02.521 | INFO     | __main__:run_experiment:157 - Running sklearn baselines...
2026-05-23 22:51:02.522 | INFO     | src.models.baselines:run_logistic_regression:114 - Running Logistic Regression baseline...
2026-05-23 22:51:09.788 | INFO     | src.models.baselines:evaluate:75 - 
==================================================
2026-05-23 22:51:09.788 | INFO     | src.models.baselines:evaluate:76 - Model: LogisticRegression [val]
2026-05-23 22:51:09.788 | INFO     | src.models.baselines:evaluate:77 - Classes present: ['down', 'flat', 'up']
2026-05-23 22:51:09.788 | INFO     | src.models.baselines:evaluate:78 - Cohen's Kappa:   0.1047
2026-05-23 22:51:09.788 | INFO     | src.models.baselines:evaluate:79 - Macro F1:        0.3289
2026-05-23 22:51:09.789 | INFO     | src.models.baselines:evaluate:81 - F1 per class:    down=0.2632 | flat=0.5326 | up=0.1908
2026-05-23 22:51:09.789 | INFO     | src.models.baselines:evaluate:82 - 
Classification Report:
              precision    recall  f1-score   support

        down       0.16      0.69      0.26       658
        flat       0.93      0.37      0.53      7297
          up       0.12      0.55      0.19       591

    accuracy                           0.41      8546
   macro avg       0.40      0.54      0.33      8546
weighted avg       0.81      0.41      0.49      8546

2026-05-23 22:51:09.789 | INFO     | src.models.baselines:evaluate:83 - Confusion Matrix:
[[ 452  103  103]
 [2166 2724 2407]
 [ 159  105  327]]
2026-05-23 22:51:09.829 | INFO     | src.models.baselines:evaluate:75 - 
==================================================
2026-05-23 22:51:09.829 | INFO     | src.models.baselines:evaluate:76 - Model: LogisticRegression [test]
2026-05-23 22:51:09.829 | INFO     | src.models.baselines:evaluate:77 - Classes present: ['down', 'flat', 'up']
2026-05-23 22:51:09.829 | INFO     | src.models.baselines:evaluate:78 - Cohen's Kappa:   0.0892
2026-05-23 22:51:09.829 | INFO     | src.models.baselines:evaluate:79 - Macro F1:        0.3330
2026-05-23 22:51:09.829 | INFO     | src.models.baselines:evaluate:81 - F1 per class:    down=0.2533 | flat=0.4821 | up=0.2635
2026-05-23 22:51:09.829 | INFO     | src.models.baselines:evaluate:82 - 
Classification Report:
              precision    recall  f1-score   support

        down       0.17      0.47      0.25      1034
        flat       0.84      0.34      0.48      6618
          up       0.17      0.58      0.26       896

    accuracy                           0.38      8548
   macro avg       0.39      0.46      0.33      8548
weighted avg       0.69      0.38      0.43      8548

2026-05-23 22:51:09.829 | INFO     | src.models.baselines:evaluate:83 - Confusion Matrix:
[[ 490  235  309]
 [2164 2239 2215]
 [ 181  196  519]]
2026-05-23 22:51:09.830 | INFO     | src.models.baselines:run_mlp:163 - Running MLP baseline...
2026-05-23 22:55:34.310 | INFO     | src.models.baselines:run_mlp:194 - MLP converged after 28 iterations
2026-05-23 22:55:34.770 | INFO     | src.models.baselines:evaluate:75 - 
==================================================
2026-05-23 22:55:34.770 | INFO     | src.models.baselines:evaluate:76 - Model: MLP [val]
2026-05-23 22:55:34.770 | INFO     | src.models.baselines:evaluate:77 - Classes present: ['down', 'flat', 'up']
2026-05-23 22:55:34.771 | INFO     | src.models.baselines:evaluate:78 - Cohen's Kappa:   0.0202
2026-05-23 22:55:34.771 | INFO     | src.models.baselines:evaluate:79 - Macro F1:        0.3398
2026-05-23 22:55:34.771 | INFO     | src.models.baselines:evaluate:81 - F1 per class:    down=0.0709 | flat=0.8974 | up=0.0510
2026-05-23 22:55:34.771 | INFO     | src.models.baselines:evaluate:82 - 
Classification Report:
              precision    recall  f1-score   support

        down       0.12      0.05      0.07       658
        flat       0.86      0.94      0.90      7297
          up       0.09      0.04      0.05       591

    accuracy                           0.81      8546
   macro avg       0.36      0.34      0.34      8546
weighted avg       0.75      0.81      0.78      8546

2026-05-23 22:55:34.772 | INFO     | src.models.baselines:evaluate:83 - Confusion Matrix:
[[  33  608   17]
 [ 221 6882  194]
 [  19  551   21]]
2026-05-23 22:55:35.092 | INFO     | src.models.baselines:evaluate:75 - 
==================================================
2026-05-23 22:55:35.093 | INFO     | src.models.baselines:evaluate:76 - Model: MLP [test]
2026-05-23 22:55:35.093 | INFO     | src.models.baselines:evaluate:77 - Classes present: ['down', 'flat', 'up']
2026-05-23 22:55:35.093 | INFO     | src.models.baselines:evaluate:78 - Cohen's Kappa:   0.0295
2026-05-23 22:55:35.094 | INFO     | src.models.baselines:evaluate:79 - Macro F1:        0.3309
2026-05-23 22:55:35.094 | INFO     | src.models.baselines:evaluate:81 - F1 per class:    down=0.0673 | flat=0.8489 | up=0.0765
2026-05-23 22:55:35.094 | INFO     | src.models.baselines:evaluate:82 - 
Classification Report:
              precision    recall  f1-score   support

        down       0.13      0.05      0.07      1034
        flat       0.78      0.93      0.85      6618
          up       0.15      0.05      0.08       896

    accuracy                           0.73      8548
   macro avg       0.35      0.34      0.33      8548
weighted avg       0.64      0.73      0.67      8548

2026-05-23 22:55:35.094 | INFO     | src.models.baselines:evaluate:83 - Confusion Matrix:
[[  47  938   49]
 [ 253 6153  212]
 [  62  788   46]]
2026-05-23 22:55:35.103 | INFO     | src.models.baselines:run_baselines:234 - Baseline results saved → experiments/20260524_025058/baselines_20260524_025535.json
2026-05-23 22:55:35.103 | INFO     | src.models.baselines:run_baselines:237 - 
{'='*50}
2026-05-23 22:55:35.104 | INFO     | src.models.baselines:run_baselines:238 - BASELINE COMPARISON (test set)
2026-05-23 22:55:35.104 | INFO     | src.models.baselines:run_baselines:239 - Model                        Kappa  MacroF1  F1-down    F1-up
2026-05-23 22:55:35.104 | INFO     | src.models.baselines:run_baselines:240 - ------------------------------------------------------------
2026-05-23 22:55:35.104 | INFO     | src.models.baselines:run_baselines:243 - logistic_regression         0.0892   0.3330   0.2533   0.2635
2026-05-23 22:55:35.104 | INFO     | src.models.baselines:run_baselines:243 - mlp                         0.0295   0.3309   0.0673   0.0765
2026-05-23 22:55:35.600 | INFO     | __main__:run_experiment:175 - Training DeepLOB...
2026-05-23 22:55:35.627 | INFO     | src.models.architectures:build_model:440 - Built DeepLOB | params=77,248
2026-05-23 22:55:35.896 | INFO     | src.models.trainer:get_device:20 - Using GPU: NVIDIA GeForce GTX 1650
2026-05-23 22:55:37.456 | INFO     | src.models.trainer:train:108 - Training DeepLOB_k10 | epochs=50 | patience=10 | device=cuda
2026-05-23 22:56:02.796 | INFO     | src.models.trainer:train:149 - Epoch   1/50 | train_loss=1.0893 | val_loss=1.0750 | val_kappa=0.0119 | val_f1=0.2496 | lr=9.99e-04 | time=25.3s
2026-05-23 22:56:02.825 | INFO     | src.models.trainer:train:172 -   ✓ New best kappa=0.0119 — checkpoint saved
2026-05-23 22:56:32.954 | INFO     | src.models.trainer:train:149 - Epoch   2/50 | train_loss=1.0744 | val_loss=1.0577 | val_kappa=0.0183 | val_f1=0.2973 | lr=9.96e-04 | time=30.1s
2026-05-23 22:56:32.977 | INFO     | src.models.trainer:train:172 -   ✓ New best kappa=0.0183 — checkpoint saved
2026-05-23 22:57:08.097 | INFO     | src.models.trainer:train:149 - Epoch   3/50 | train_loss=1.0409 | val_loss=1.0490 | val_kappa=0.0398 | val_f1=0.2807 | lr=9.91e-04 | time=35.1s
2026-05-23 22:57:08.121 | INFO     | src.models.trainer:train:172 -   ✓ New best kappa=0.0398 — checkpoint saved
2026-05-23 22:57:45.195 | INFO     | src.models.trainer:train:149 - Epoch   4/50 | train_loss=1.0200 | val_loss=1.0829 | val_kappa=0.0453 | val_f1=0.3317 | lr=9.84e-04 | time=37.1s
2026-05-23 22:57:45.218 | INFO     | src.models.trainer:train:172 -   ✓ New best kappa=0.0453 — checkpoint saved
2026-05-23 22:58:21.059 | INFO     | src.models.trainer:train:149 - Epoch   5/50 | train_loss=1.0009 | val_loss=1.1217 | val_kappa=0.0223 | val_f1=0.2746 | lr=9.76e-04 | time=35.8s
2026-05-23 22:58:56.583 | INFO     | src.models.trainer:train:149 - Epoch   6/50 | train_loss=0.9744 | val_loss=1.2072 | val_kappa=0.0108 | val_f1=0.2526 | lr=9.65e-04 | time=35.5s
2026-05-23 22:59:34.553 | INFO     | src.models.trainer:train:149 - Epoch   7/50 | train_loss=0.9511 | val_loss=1.2538 | val_kappa=0.0071 | val_f1=0.2004 | lr=9.52e-04 | time=38.0s
2026-05-23 23:00:13.208 | INFO     | src.models.trainer:train:149 - Epoch   8/50 | train_loss=0.9220 | val_loss=1.2514 | val_kappa=0.0116 | val_f1=0.2117 | lr=9.38e-04 | time=38.7s
2026-05-23 23:00:54.867 | INFO     | src.models.trainer:train:149 - Epoch   9/50 | train_loss=0.9044 | val_loss=1.2743 | val_kappa=0.0007 | val_f1=0.2096 | lr=9.22e-04 | time=41.7s
2026-05-23 23:01:32.822 | INFO     | src.models.trainer:train:149 - Epoch  10/50 | train_loss=0.8670 | val_loss=1.3978 | val_kappa=-0.0043 | val_f1=0.2180 | lr=9.05e-04 | time=38.0s
2026-05-23 23:02:11.035 | INFO     | src.models.trainer:train:149 - Epoch  11/50 | train_loss=0.8236 | val_loss=1.4936 | val_kappa=-0.0034 | val_f1=0.2188 | lr=8.85e-04 | time=38.2s
2026-05-23 23:02:48.442 | INFO     | src.models.trainer:train:149 - Epoch  12/50 | train_loss=0.7986 | val_loss=1.5798 | val_kappa=-0.0078 | val_f1=0.2007 | lr=8.65e-04 | time=37.4s
2026-05-23 23:03:29.554 | INFO     | src.models.trainer:train:149 - Epoch  13/50 | train_loss=0.7790 | val_loss=1.5483 | val_kappa=0.0008 | val_f1=0.2177 | lr=8.42e-04 | time=41.1s
2026-05-23 23:04:14.372 | INFO     | src.models.trainer:train:149 - Epoch  14/50 | train_loss=0.7443 | val_loss=1.5485 | val_kappa=-0.0032 | val_f1=0.2275 | lr=8.19e-04 | time=44.8s
2026-05-23 23:04:14.373 | INFO     | src.models.trainer:train:177 - Early stopping at epoch 14 (no improvement for 10 epochs)
2026-05-23 23:04:14.383 | INFO     | src.models.trainer:train:182 - Restored best model (kappa=0.0453)
2026-05-23 23:04:14.383 | INFO     | src.models.trainer:evaluate_test:187 - Evaluating DeepLOB_k10 on test set...
2026-05-23 23:04:17.002 | INFO     | src.models.trainer:evaluate_test:224 - 
Test Results — DeepLOB_k10
2026-05-23 23:04:17.003 | INFO     | src.models.trainer:evaluate_test:225 - Kappa:    0.0029
2026-05-23 23:04:17.003 | INFO     | src.models.trainer:evaluate_test:226 - Macro F1: 0.3141
2026-05-23 23:04:17.003 | INFO     | src.models.trainer:evaluate_test:227 - 
              precision    recall  f1-score   support

        down       0.12      0.31      0.17      1034
        flat       0.76      0.48      0.59      6618
          up       0.14      0.27      0.18       896

    accuracy                           0.43      8548
   macro avg       0.34      0.35      0.31      8548
weighted avg       0.62      0.43      0.49      8548

2026-05-23 23:04:17.004 | INFO     | src.models.trainer:evaluate_test:233 - Test results saved → experiments/20260524_025058/DeepLOB_k10_test_20260524_030417.json
2026-05-23 23:04:17.006 | INFO     | __main__:run_experiment:201 - Training LevelConditionalAttention...
2026-05-23 23:04:17.013 | INFO     | src.models.architectures:build_model:440 - Built LevelConditionalAttention | params=82,637
2026-05-23 23:04:17.013 | INFO     | src.models.trainer:get_device:20 - Using GPU: NVIDIA GeForce GTX 1650
2026-05-23 23:04:17.022 | INFO     | src.models.trainer:train:108 - Training LOBAttention_k10 | epochs=50 | patience=10 | device=cuda
2026-05-23 23:04:25.204 | INFO     | src.models.trainer:train:149 - Epoch   1/50 | train_loss=1.0464 | val_loss=1.0116 | val_kappa=0.0519 | val_f1=0.1955 | lr=9.99e-04 | time=8.2s
2026-05-23 23:04:25.207 | INFO     | src.models.trainer:train:172 -   ✓ New best kappa=0.0519 — checkpoint saved
2026-05-23 23:04:33.894 | INFO     | src.models.trainer:train:149 - Epoch   2/50 | train_loss=1.0155 | val_loss=0.9912 | val_kappa=0.0765 | val_f1=0.2974 | lr=9.96e-04 | time=8.7s
2026-05-23 23:04:33.902 | INFO     | src.models.trainer:train:172 -   ✓ New best kappa=0.0765 — checkpoint saved
2026-05-23 23:04:43.377 | INFO     | src.models.trainer:train:149 - Epoch   3/50 | train_loss=0.9958 | val_loss=0.9652 | val_kappa=0.0850 | val_f1=0.3400 | lr=9.91e-04 | time=9.5s
2026-05-23 23:04:43.386 | INFO     | src.models.trainer:train:172 -   ✓ New best kappa=0.0850 — checkpoint saved
2026-05-23 23:04:56.137 | INFO     | src.models.trainer:train:149 - Epoch   4/50 | train_loss=0.9820 | val_loss=0.9530 | val_kappa=0.0924 | val_f1=0.3412 | lr=9.84e-04 | time=12.8s
2026-05-23 23:04:56.146 | INFO     | src.models.trainer:train:172 -   ✓ New best kappa=0.0924 — checkpoint saved
2026-05-23 23:05:05.289 | INFO     | src.models.trainer:train:149 - Epoch   5/50 | train_loss=0.9754 | val_loss=0.9447 | val_kappa=0.0873 | val_f1=0.3120 | lr=9.76e-04 | time=9.1s
2026-05-23 23:05:18.154 | INFO     | src.models.trainer:train:149 - Epoch   6/50 | train_loss=0.9710 | val_loss=0.9440 | val_kappa=0.0952 | val_f1=0.3196 | lr=9.65e-04 | time=12.9s
2026-05-23 23:05:18.167 | INFO     | src.models.trainer:train:172 -   ✓ New best kappa=0.0952 — checkpoint saved
2026-05-23 23:05:25.612 | INFO     | src.models.trainer:train:149 - Epoch   7/50 | train_loss=0.9668 | val_loss=0.9394 | val_kappa=0.0954 | val_f1=0.3147 | lr=9.52e-04 | time=7.4s
2026-05-23 23:05:25.615 | INFO     | src.models.trainer:train:172 -   ✓ New best kappa=0.0954 — checkpoint saved
2026-05-23 23:05:35.107 | INFO     | src.models.trainer:train:149 - Epoch   8/50 | train_loss=0.9665 | val_loss=0.9376 | val_kappa=0.0940 | val_f1=0.3040 | lr=9.38e-04 | time=9.5s
2026-05-23 23:05:44.748 | INFO     | src.models.trainer:train:149 - Epoch   9/50 | train_loss=0.9638 | val_loss=0.9341 | val_kappa=0.0977 | val_f1=0.3137 | lr=9.22e-04 | time=9.6s
2026-05-23 23:05:44.756 | INFO     | src.models.trainer:train:172 -   ✓ New best kappa=0.0977 — checkpoint saved
2026-05-23 23:05:54.180 | INFO     | src.models.trainer:train:149 - Epoch  10/50 | train_loss=0.9611 | val_loss=0.9409 | val_kappa=0.0914 | val_f1=0.2973 | lr=9.05e-04 | time=9.4s
2026-05-23 23:06:04.424 | INFO     | src.models.trainer:train:149 - Epoch  11/50 | train_loss=0.9611 | val_loss=0.9353 | val_kappa=0.0910 | val_f1=0.2927 | lr=8.85e-04 | time=10.2s
2026-05-23 23:06:14.002 | INFO     | src.models.trainer:train:149 - Epoch  12/50 | train_loss=0.9588 | val_loss=0.9352 | val_kappa=0.0890 | val_f1=0.2967 | lr=8.65e-04 | time=9.6s
2026-05-23 23:06:23.139 | INFO     | src.models.trainer:train:149 - Epoch  13/50 | train_loss=0.9547 | val_loss=0.9343 | val_kappa=0.0900 | val_f1=0.2939 | lr=8.42e-04 | time=9.1s
2026-05-23 23:06:32.133 | INFO     | src.models.trainer:train:149 - Epoch  14/50 | train_loss=0.9517 | val_loss=0.9372 | val_kappa=0.0910 | val_f1=0.2963 | lr=8.19e-04 | time=9.0s
2026-05-23 23:06:43.346 | INFO     | src.models.trainer:train:149 - Epoch  15/50 | train_loss=0.9491 | val_loss=0.9339 | val_kappa=0.0921 | val_f1=0.2965 | lr=7.94e-04 | time=11.2s
2026-05-23 23:06:51.460 | INFO     | src.models.trainer:train:149 - Epoch  16/50 | train_loss=0.9455 | val_loss=0.9445 | val_kappa=0.0815 | val_f1=0.2837 | lr=7.68e-04 | time=8.1s
2026-05-23 23:07:00.264 | INFO     | src.models.trainer:train:149 - Epoch  17/50 | train_loss=0.9448 | val_loss=0.9381 | val_kappa=0.0888 | val_f1=0.3007 | lr=7.41e-04 | time=8.8s
2026-05-23 23:07:08.783 | INFO     | src.models.trainer:train:149 - Epoch  18/50 | train_loss=0.9415 | val_loss=0.9300 | val_kappa=0.0998 | val_f1=0.3199 | lr=7.13e-04 | time=8.5s
2026-05-23 23:07:08.792 | INFO     | src.models.trainer:train:172 -   ✓ New best kappa=0.0998 — checkpoint saved
2026-05-23 23:07:17.663 | INFO     | src.models.trainer:train:149 - Epoch  19/50 | train_loss=0.9406 | val_loss=0.9308 | val_kappa=0.1015 | val_f1=0.3213 | lr=6.84e-04 | time=8.9s
2026-05-23 23:07:17.666 | INFO     | src.models.trainer:train:172 -   ✓ New best kappa=0.1015 — checkpoint saved
2026-05-23 23:07:27.850 | INFO     | src.models.trainer:train:149 - Epoch  20/50 | train_loss=0.9373 | val_loss=0.9294 | val_kappa=0.1023 | val_f1=0.3208 | lr=6.55e-04 | time=10.2s
2026-05-23 23:07:27.860 | INFO     | src.models.trainer:train:172 -   ✓ New best kappa=0.1023 — checkpoint saved
2026-05-23 23:07:39.090 | INFO     | src.models.trainer:train:149 - Epoch  21/50 | train_loss=0.9318 | val_loss=0.9403 | val_kappa=0.0963 | val_f1=0.3114 | lr=6.25e-04 | time=11.2s
2026-05-23 23:07:47.835 | INFO     | src.models.trainer:train:149 - Epoch  22/50 | train_loss=0.9295 | val_loss=0.9409 | val_kappa=0.0979 | val_f1=0.3160 | lr=5.94e-04 | time=8.7s
2026-05-23 23:07:58.225 | INFO     | src.models.trainer:train:149 - Epoch  23/50 | train_loss=0.9208 | val_loss=0.9595 | val_kappa=0.0913 | val_f1=0.3069 | lr=5.63e-04 | time=10.4s
2026-05-23 23:08:06.839 | INFO     | src.models.trainer:train:149 - Epoch  24/50 | train_loss=0.9141 | val_loss=0.9883 | val_kappa=0.0692 | val_f1=0.2599 | lr=5.32e-04 | time=8.6s
2026-05-23 23:08:17.483 | INFO     | src.models.trainer:train:149 - Epoch  25/50 | train_loss=0.9166 | val_loss=0.9827 | val_kappa=0.0742 | val_f1=0.2754 | lr=5.00e-04 | time=10.6s
2026-05-23 23:08:24.611 | INFO     | src.models.trainer:train:149 - Epoch  26/50 | train_loss=0.9082 | val_loss=0.9954 | val_kappa=0.0618 | val_f1=0.2558 | lr=4.69e-04 | time=7.1s
2026-05-23 23:08:35.061 | INFO     | src.models.trainer:train:149 - Epoch  27/50 | train_loss=0.9088 | val_loss=0.9945 | val_kappa=0.0670 | val_f1=0.2587 | lr=4.38e-04 | time=10.4s
2026-05-23 23:08:46.258 | INFO     | src.models.trainer:train:149 - Epoch  28/50 | train_loss=0.8995 | val_loss=1.0056 | val_kappa=0.0639 | val_f1=0.2658 | lr=4.07e-04 | time=11.2s
2026-05-23 23:08:55.790 | INFO     | src.models.trainer:train:149 - Epoch  29/50 | train_loss=0.8912 | val_loss=1.0023 | val_kappa=0.0622 | val_f1=0.2554 | lr=3.76e-04 | time=9.5s
2026-05-23 23:09:06.977 | INFO     | src.models.trainer:train:149 - Epoch  30/50 | train_loss=0.8886 | val_loss=1.0166 | val_kappa=0.0668 | val_f1=0.2755 | lr=3.46e-04 | time=11.2s
2026-05-23 23:09:06.977 | INFO     | src.models.trainer:train:177 - Early stopping at epoch 30 (no improvement for 10 epochs)
2026-05-23 23:09:06.980 | INFO     | src.models.trainer:train:182 - Restored best model (kappa=0.1023)
2026-05-23 23:09:06.981 | INFO     | src.models.trainer:evaluate_test:187 - Evaluating LOBAttention_k10 on test set...
2026-05-23 23:09:07.861 | INFO     | src.models.trainer:evaluate_test:224 - 
Test Results — LOBAttention_k10
2026-05-23 23:09:07.861 | INFO     | src.models.trainer:evaluate_test:225 - Kappa:    0.0869
2026-05-23 23:09:07.861 | INFO     | src.models.trainer:evaluate_test:226 - Macro F1: 0.3198
2026-05-23 23:09:07.862 | INFO     | src.models.trainer:evaluate_test:227 - 
              precision    recall  f1-score   support

        down       0.16      0.61      0.26      1034
        flat       0.85      0.29      0.43      6618
          up       0.18      0.51      0.27       896

    accuracy                           0.35      8548
   macro avg       0.40      0.47      0.32      8548
weighted avg       0.70      0.35      0.39      8548

2026-05-23 23:09:07.862 | INFO     | src.models.trainer:evaluate_test:233 - Test results saved → experiments/20260524_025058/LOBAttention_k10_test_20260524_030907.json
2026-05-23 23:09:07.862 | INFO     | __main__:run_experiment:223 - 
============================================================
2026-05-23 23:09:07.862 | INFO     | __main__:run_experiment:224 - RESULTS SUMMARY — horizon k=10
2026-05-23 23:09:07.862 | INFO     | __main__:run_experiment:225 - Model                             Kappa  MacroF1  F1-down    F1-up
2026-05-23 23:09:07.862 | INFO     | __main__:run_experiment:226 - ------------------------------------------------------------
2026-05-23 23:09:07.863 | INFO     | __main__:_row:232 - LogisticRegression               0.0892   0.3330   0.2533   0.2635
2026-05-23 23:09:07.863 | INFO     | __main__:_row:232 - MLP                              0.0295   0.3309   0.0673   0.0765
2026-05-23 23:09:07.863 | INFO     | __main__:_row:232 - DeepLOB                          0.0029   0.3141   0.1721   0.1830
2026-05-23 23:09:07.863 | INFO     | __main__:_row:232 - LOBAttention                     0.0869   0.3198   0.2585   0.2709
2026-05-23 23:09:07.863 | INFO     | __main__:run_experiment:134 - 
============================================================
2026-05-23 23:09:07.863 | INFO     | __main__:run_experiment:135 - Running experiments for horizon k=20
2026-05-23 23:09:07.863 | INFO     | __main__:run_experiment:136 - ============================================================
2026-05-23 23:09:08.160 | INFO     | src.features.engineering:build_dataset:268 -   BTCUSDT: train=19,934 | val=4,271 | test=4,273
2026-05-23 23:09:10.857 | INFO     | src.features.engineering:build_dataset:268 -   ETHUSDT: train=19,935 | val=4,271 | test=4,273
2026-05-23 23:09:15.203 | INFO     | src.features.engineering:build_dataset:290 - Dataset built | horizon=k20 | seq_len=100 | features=41 | train=39,869 | val=8,542 | test=8,546
2026-05-23 23:09:15.204 | INFO     | src.features.engineering:build_dataset:298 -   train class distribution: {-1: 2372, 0: 34667, 1: 2830}
2026-05-23 23:09:15.204 | INFO     | src.features.engineering:build_dataset:298 -   val class distribution: {-1: 694, 0: 7250, 1: 598}
2026-05-23 23:09:15.204 | INFO     | src.features.engineering:build_dataset:298 -   test class distribution: {-1: 1153, 0: 6534, 1: 859}
2026-05-23 23:09:15.252 | INFO     | __main__:run_experiment:157 - Running sklearn baselines...
2026-05-23 23:09:15.252 | INFO     | src.models.baselines:run_logistic_regression:114 - Running Logistic Regression baseline...
2026-05-23 23:09:26.637 | INFO     | src.models.baselines:evaluate:75 - 
==================================================
2026-05-23 23:09:26.638 | INFO     | src.models.baselines:evaluate:76 - Model: LogisticRegression [val]
2026-05-23 23:09:26.638 | INFO     | src.models.baselines:evaluate:77 - Classes present: ['down', 'flat', 'up']
2026-05-23 23:09:26.638 | INFO     | src.models.baselines:evaluate:78 - Cohen's Kappa:   0.1068
2026-05-23 23:09:26.638 | INFO     | src.models.baselines:evaluate:79 - Macro F1:        0.3293
2026-05-23 23:09:26.638 | INFO     | src.models.baselines:evaluate:81 - F1 per class:    down=0.2547 | flat=0.5414 | up=0.1918
2026-05-23 23:09:26.638 | INFO     | src.models.baselines:evaluate:82 - 
Classification Report:
              precision    recall  f1-score   support

        down       0.16      0.62      0.25       694
        flat       0.94      0.38      0.54      7250
          up       0.12      0.56      0.19       598

    accuracy                           0.41      8542
   macro avg       0.40      0.52      0.33      8542
weighted avg       0.81      0.41      0.49      8542

2026-05-23 23:09:26.638 | INFO     | src.models.baselines:evaluate:83 - Confusion Matrix:
[[ 430  108  156]
 [2074 2762 2414]
 [ 178   84  336]]
2026-05-23 23:09:26.692 | INFO     | src.models.baselines:evaluate:75 - 
==================================================
2026-05-23 23:09:26.692 | INFO     | src.models.baselines:evaluate:76 - Model: LogisticRegression [test]
2026-05-23 23:09:26.692 | INFO     | src.models.baselines:evaluate:77 - Classes present: ['down', 'flat', 'up']
2026-05-23 23:09:26.693 | INFO     | src.models.baselines:evaluate:78 - Cohen's Kappa:   0.0849
2026-05-23 23:09:26.693 | INFO     | src.models.baselines:evaluate:79 - Macro F1:        0.3301
2026-05-23 23:09:26.693 | INFO     | src.models.baselines:evaluate:81 - F1 per class:    down=0.2592 | flat=0.4826 | up=0.2485
2026-05-23 23:09:26.693 | INFO     | src.models.baselines:evaluate:82 - 
Classification Report:
              precision    recall  f1-score   support

        down       0.18      0.45      0.26      1153
        flat       0.83      0.34      0.48      6534
          up       0.16      0.56      0.25       859

    accuracy                           0.38      8546
   macro avg       0.39      0.45      0.33      8546
weighted avg       0.68      0.38      0.43      8546

2026-05-23 23:09:26.693 | INFO     | src.models.baselines:evaluate:83 - Confusion Matrix:
[[ 520  269  364]
 [2140 2220 2174]
 [ 200  177  482]]
2026-05-23 23:09:26.693 | INFO     | src.models.baselines:run_mlp:163 - Running MLP baseline...
2026-05-23 23:12:17.119 | INFO     | src.models.baselines:run_mlp:194 - MLP converged after 19 iterations
2026-05-23 23:12:17.327 | INFO     | src.models.baselines:evaluate:75 - 
==================================================
2026-05-23 23:12:17.327 | INFO     | src.models.baselines:evaluate:76 - Model: MLP [val]
2026-05-23 23:12:17.327 | INFO     | src.models.baselines:evaluate:77 - Classes present: ['down', 'flat', 'up']
2026-05-23 23:12:17.327 | INFO     | src.models.baselines:evaluate:78 - Cohen's Kappa:   0.0253
2026-05-23 23:12:17.327 | INFO     | src.models.baselines:evaluate:79 - Macro F1:        0.3462
2026-05-23 23:12:17.327 | INFO     | src.models.baselines:evaluate:81 - F1 per class:    down=0.0525 | flat=0.8920 | up=0.0943
2026-05-23 23:12:17.327 | INFO     | src.models.baselines:evaluate:82 - 
Classification Report:
              precision    recall  f1-score   support

        down       0.11      0.03      0.05       694
        flat       0.85      0.94      0.89      7250
          up       0.13      0.07      0.09       598

    accuracy                           0.80      8542
   macro avg       0.36      0.35      0.35      8542
weighted avg       0.74      0.80      0.77      8542

2026-05-23 23:12:17.328 | INFO     | src.models.baselines:evaluate:83 - Confusion Matrix:
[[  24  646   24]
 [ 188 6795  267]
 [   9  545   44]]
2026-05-23 23:12:17.472 | INFO     | src.models.baselines:evaluate:75 - 
==================================================
2026-05-23 23:12:17.473 | INFO     | src.models.baselines:evaluate:76 - Model: MLP [test]
2026-05-23 23:12:17.473 | INFO     | src.models.baselines:evaluate:77 - Classes present: ['down', 'flat', 'up']
2026-05-23 23:12:17.473 | INFO     | src.models.baselines:evaluate:78 - Cohen's Kappa:   0.0365
2026-05-23 23:12:17.473 | INFO     | src.models.baselines:evaluate:79 - Macro F1:        0.3326
2026-05-23 23:12:17.473 | INFO     | src.models.baselines:evaluate:81 - F1 per class:    down=0.0670 | flat=0.8507 | up=0.0803
2026-05-23 23:12:17.473 | INFO     | src.models.baselines:evaluate:82 - 
Classification Report:
              precision    recall  f1-score   support

        down       0.24      0.04      0.07      1153
        flat       0.77      0.95      0.85      6534
          up       0.15      0.05      0.08       859

    accuracy                           0.74      8546
   macro avg       0.39      0.35      0.33      8546
weighted avg       0.64      0.74      0.67      8546

2026-05-23 23:12:17.474 | INFO     | src.models.baselines:evaluate:83 - Confusion Matrix:
[[  45 1057   51]
 [ 120 6200  214]
 [  26  786   47]]
2026-05-23 23:12:17.481 | INFO     | src.models.baselines:run_baselines:234 - Baseline results saved → experiments/20260524_025058/baselines_20260524_031217.json
2026-05-23 23:12:17.481 | INFO     | src.models.baselines:run_baselines:237 - 
{'='*50}
2026-05-23 23:12:17.481 | INFO     | src.models.baselines:run_baselines:238 - BASELINE COMPARISON (test set)
2026-05-23 23:12:17.481 | INFO     | src.models.baselines:run_baselines:239 - Model                        Kappa  MacroF1  F1-down    F1-up
2026-05-23 23:12:17.482 | INFO     | src.models.baselines:run_baselines:240 - ------------------------------------------------------------
2026-05-23 23:12:17.482 | INFO     | src.models.baselines:run_baselines:243 - logistic_regression         0.0849   0.3301   0.2592   0.2485
2026-05-23 23:12:17.482 | INFO     | src.models.baselines:run_baselines:243 - mlp                         0.0365   0.3326   0.0670   0.0803
2026-05-23 23:12:17.786 | INFO     | __main__:run_experiment:175 - Training DeepLOB...
2026-05-23 23:12:17.794 | INFO     | src.models.architectures:build_model:440 - Built DeepLOB | params=77,248
2026-05-23 23:12:17.795 | INFO     | src.models.trainer:get_device:20 - Using GPU: NVIDIA GeForce GTX 1650
2026-05-23 23:12:17.818 | INFO     | src.models.trainer:train:108 - Training DeepLOB_k20 | epochs=50 | patience=10 | device=cuda
2026-05-23 23:12:48.880 | INFO     | src.models.trainer:train:149 - Epoch   1/50 | train_loss=1.0908 | val_loss=1.0781 | val_kappa=0.0110 | val_f1=0.2094 | lr=9.99e-04 | time=31.1s
2026-05-23 23:12:48.905 | INFO     | src.models.trainer:train:172 -   ✓ New best kappa=0.0110 — checkpoint saved
2026-05-23 23:13:25.658 | INFO     | src.models.trainer:train:149 - Epoch   2/50 | train_loss=1.0818 | val_loss=1.1315 | val_kappa=-0.0148 | val_f1=0.1611 | lr=9.96e-04 | time=36.8s
2026-05-23 23:14:03.486 | INFO     | src.models.trainer:train:149 - Epoch   3/50 | train_loss=1.0550 | val_loss=1.2187 | val_kappa=-0.0220 | val_f1=0.1948 | lr=9.91e-04 | time=37.8s
2026-05-23 23:14:49.713 | INFO     | src.models.trainer:train:149 - Epoch   4/50 | train_loss=1.0262 | val_loss=1.1798 | val_kappa=-0.0241 | val_f1=0.2697 | lr=9.84e-04 | time=46.2s
2026-05-23 23:15:30.189 | INFO     | src.models.trainer:train:149 - Epoch   5/50 | train_loss=1.0170 | val_loss=1.2397 | val_kappa=-0.0341 | val_f1=0.2623 | lr=9.76e-04 | time=40.5s
2026-05-23 23:16:10.487 | INFO     | src.models.trainer:train:149 - Epoch   6/50 | train_loss=0.9962 | val_loss=1.1709 | val_kappa=-0.0011 | val_f1=0.2576 | lr=9.65e-04 | time=40.3s
2026-05-23 23:16:48.062 | INFO     | src.models.trainer:train:149 - Epoch   7/50 | train_loss=0.9717 | val_loss=1.2248 | val_kappa=-0.0054 | val_f1=0.2531 | lr=9.52e-04 | time=37.6s
2026-05-23 23:17:25.851 | INFO     | src.models.trainer:train:149 - Epoch   8/50 | train_loss=0.9475 | val_loss=1.2412 | val_kappa=0.0105 | val_f1=0.2644 | lr=9.38e-04 | time=37.8s
2026-05-23 23:18:05.918 | INFO     | src.models.trainer:train:149 - Epoch   9/50 | train_loss=0.9098 | val_loss=1.3391 | val_kappa=0.0087 | val_f1=0.2688 | lr=9.22e-04 | time=40.1s
2026-05-23 23:18:46.083 | INFO     | src.models.trainer:train:149 - Epoch  10/50 | train_loss=0.8878 | val_loss=1.5856 | val_kappa=-0.0148 | val_f1=0.2305 | lr=9.05e-04 | time=40.2s
2026-05-23 23:19:26.627 | INFO     | src.models.trainer:train:149 - Epoch  11/50 | train_loss=0.8616 | val_loss=1.5270 | val_kappa=0.0161 | val_f1=0.2531 | lr=8.85e-04 | time=40.5s
2026-05-23 23:19:26.651 | INFO     | src.models.trainer:train:172 -   ✓ New best kappa=0.0161 — checkpoint saved
2026-05-23 23:20:11.760 | INFO     | src.models.trainer:train:149 - Epoch  12/50 | train_loss=0.8397 | val_loss=1.4323 | val_kappa=0.0053 | val_f1=0.2506 | lr=8.65e-04 | time=45.1s
2026-05-23 23:20:51.804 | INFO     | src.models.trainer:train:149 - Epoch  13/50 | train_loss=0.8004 | val_loss=1.5465 | val_kappa=0.0096 | val_f1=0.2597 | lr=8.42e-04 | time=40.0s
2026-05-23 23:21:29.130 | INFO     | src.models.trainer:train:149 - Epoch  14/50 | train_loss=0.7626 | val_loss=1.5433 | val_kappa=0.0077 | val_f1=0.2694 | lr=8.19e-04 | time=37.3s
2026-05-23 23:22:06.520 | INFO     | src.models.trainer:train:149 - Epoch  15/50 | train_loss=0.7373 | val_loss=1.7869 | val_kappa=-0.0004 | val_f1=0.2454 | lr=7.94e-04 | time=37.4s
2026-05-23 23:22:48.704 | INFO     | src.models.trainer:train:149 - Epoch  16/50 | train_loss=0.7078 | val_loss=1.6243 | val_kappa=0.0015 | val_f1=0.2686 | lr=7.68e-04 | time=42.2s
2026-05-23 23:23:28.335 | INFO     | src.models.trainer:train:149 - Epoch  17/50 | train_loss=0.6940 | val_loss=1.7128 | val_kappa=-0.0039 | val_f1=0.2642 | lr=7.41e-04 | time=39.6s
2026-05-23 23:24:12.624 | INFO     | src.models.trainer:train:149 - Epoch  18/50 | train_loss=0.6364 | val_loss=1.8398 | val_kappa=-0.0096 | val_f1=0.2716 | lr=7.13e-04 | time=44.3s
2026-05-23 23:24:53.727 | INFO     | src.models.trainer:train:149 - Epoch  19/50 | train_loss=0.6011 | val_loss=1.8426 | val_kappa=-0.0240 | val_f1=0.2751 | lr=6.84e-04 | time=41.1s
2026-05-23 23:25:36.071 | INFO     | src.models.trainer:train:149 - Epoch  20/50 | train_loss=0.6065 | val_loss=2.0340 | val_kappa=-0.0182 | val_f1=0.2789 | lr=6.55e-04 | time=42.3s
2026-05-23 23:26:23.238 | INFO     | src.models.trainer:train:149 - Epoch  21/50 | train_loss=0.5622 | val_loss=2.1924 | val_kappa=-0.0261 | val_f1=0.2752 | lr=6.25e-04 | time=47.2s
2026-05-23 23:26:23.239 | INFO     | src.models.trainer:train:177 - Early stopping at epoch 21 (no improvement for 10 epochs)
2026-05-23 23:26:23.251 | INFO     | src.models.trainer:train:182 - Restored best model (kappa=0.0161)
2026-05-23 23:26:23.251 | INFO     | src.models.trainer:evaluate_test:187 - Evaluating DeepLOB_k20 on test set...
2026-05-23 23:26:25.504 | INFO     | src.models.trainer:evaluate_test:224 - 
Test Results — DeepLOB_k20
2026-05-23 23:26:25.504 | INFO     | src.models.trainer:evaluate_test:225 - Kappa:    0.0032
2026-05-23 23:26:25.505 | INFO     | src.models.trainer:evaluate_test:226 - Macro F1: 0.2775
2026-05-23 23:26:25.505 | INFO     | src.models.trainer:evaluate_test:227 - 
              precision    recall  f1-score   support

        down       0.13      0.55      0.21      1153
        flat       0.76      0.32      0.45      6534
          up       0.16      0.18      0.17       859

    accuracy                           0.34      8546
   macro avg       0.35      0.35      0.28      8546
weighted avg       0.61      0.34      0.39      8546

2026-05-23 23:26:25.505 | INFO     | src.models.trainer:evaluate_test:233 - Test results saved → experiments/20260524_025058/DeepLOB_k20_test_20260524_032625.json
2026-05-23 23:26:25.505 | INFO     | __main__:run_experiment:201 - Training LevelConditionalAttention...
2026-05-23 23:26:25.508 | INFO     | src.models.architectures:build_model:440 - Built LevelConditionalAttention | params=82,637
2026-05-23 23:26:25.509 | INFO     | src.models.trainer:get_device:20 - Using GPU: NVIDIA GeForce GTX 1650
2026-05-23 23:26:25.512 | INFO     | src.models.trainer:train:108 - Training LOBAttention_k20 | epochs=50 | patience=10 | device=cuda
2026-05-23 23:26:35.903 | INFO     | src.models.trainer:train:149 - Epoch   1/50 | train_loss=1.0620 | val_loss=1.0284 | val_kappa=0.0398 | val_f1=0.1556 | lr=9.99e-04 | time=10.4s
2026-05-23 23:26:35.915 | INFO     | src.models.trainer:train:172 -   ✓ New best kappa=0.0398 — checkpoint saved
2026-05-23 23:26:46.321 | INFO     | src.models.trainer:train:149 - Epoch   2/50 | train_loss=1.0357 | val_loss=1.0184 | val_kappa=0.0598 | val_f1=0.2535 | lr=9.96e-04 | time=10.4s
2026-05-23 23:26:46.330 | INFO     | src.models.trainer:train:172 -   ✓ New best kappa=0.0598 — checkpoint saved
2026-05-23 23:26:57.566 | INFO     | src.models.trainer:train:149 - Epoch   3/50 | train_loss=1.0147 | val_loss=1.0062 | val_kappa=0.0649 | val_f1=0.2458 | lr=9.91e-04 | time=11.2s
2026-05-23 23:26:57.572 | INFO     | src.models.trainer:train:172 -   ✓ New best kappa=0.0649 — checkpoint saved
2026-05-23 23:27:10.070 | INFO     | src.models.trainer:train:149 - Epoch   4/50 | train_loss=1.0016 | val_loss=0.9870 | val_kappa=0.0680 | val_f1=0.2598 | lr=9.84e-04 | time=12.5s
2026-05-23 23:27:10.079 | INFO     | src.models.trainer:train:172 -   ✓ New best kappa=0.0680 — checkpoint saved
2026-05-23 23:27:23.211 | INFO     | src.models.trainer:train:149 - Epoch   5/50 | train_loss=0.9940 | val_loss=0.9826 | val_kappa=0.0621 | val_f1=0.2745 | lr=9.76e-04 | time=13.1s
2026-05-23 23:27:33.773 | INFO     | src.models.trainer:train:149 - Epoch   6/50 | train_loss=0.9865 | val_loss=0.9756 | val_kappa=0.0638 | val_f1=0.2845 | lr=9.65e-04 | time=10.6s
2026-05-23 23:27:44.889 | INFO     | src.models.trainer:train:149 - Epoch   7/50 | train_loss=0.9865 | val_loss=0.9674 | val_kappa=0.0722 | val_f1=0.2630 | lr=9.52e-04 | time=11.1s
2026-05-23 23:27:44.899 | INFO     | src.models.trainer:train:172 -   ✓ New best kappa=0.0722 — checkpoint saved
2026-05-23 23:27:57.638 | INFO     | src.models.trainer:train:149 - Epoch   8/50 | train_loss=0.9839 | val_loss=0.9634 | val_kappa=0.0748 | val_f1=0.2669 | lr=9.38e-04 | time=12.7s
2026-05-23 23:27:57.658 | INFO     | src.models.trainer:train:172 -   ✓ New best kappa=0.0748 — checkpoint saved
2026-05-23 23:28:08.091 | INFO     | src.models.trainer:train:149 - Epoch   9/50 | train_loss=0.9788 | val_loss=0.9632 | val_kappa=0.0755 | val_f1=0.2801 | lr=9.22e-04 | time=10.4s
2026-05-23 23:28:08.107 | INFO     | src.models.trainer:train:172 -   ✓ New best kappa=0.0755 — checkpoint saved
2026-05-23 23:28:16.713 | INFO     | src.models.trainer:train:149 - Epoch  10/50 | train_loss=0.9762 | val_loss=0.9591 | val_kappa=0.0767 | val_f1=0.2798 | lr=9.05e-04 | time=8.6s
2026-05-23 23:28:16.716 | INFO     | src.models.trainer:train:172 -   ✓ New best kappa=0.0767 — checkpoint saved
2026-05-23 23:28:24.518 | INFO     | src.models.trainer:train:149 - Epoch  11/50 | train_loss=0.9711 | val_loss=0.9573 | val_kappa=0.0832 | val_f1=0.2912 | lr=8.85e-04 | time=7.8s
2026-05-23 23:28:24.521 | INFO     | src.models.trainer:train:172 -   ✓ New best kappa=0.0832 — checkpoint saved
2026-05-23 23:28:32.626 | INFO     | src.models.trainer:train:149 - Epoch  12/50 | train_loss=0.9672 | val_loss=0.9601 | val_kappa=0.0736 | val_f1=0.2671 | lr=8.65e-04 | time=8.1s
2026-05-23 23:28:41.906 | INFO     | src.models.trainer:train:149 - Epoch  13/50 | train_loss=0.9662 | val_loss=0.9549 | val_kappa=0.0833 | val_f1=0.2859 | lr=8.42e-04 | time=9.3s
2026-05-23 23:28:41.914 | INFO     | src.models.trainer:train:172 -   ✓ New best kappa=0.0833 — checkpoint saved
2026-05-23 23:28:50.671 | INFO     | src.models.trainer:train:149 - Epoch  14/50 | train_loss=0.9574 | val_loss=0.9591 | val_kappa=0.0834 | val_f1=0.2905 | lr=8.19e-04 | time=8.8s
2026-05-23 23:28:50.674 | INFO     | src.models.trainer:train:172 -   ✓ New best kappa=0.0834 — checkpoint saved
2026-05-23 23:28:58.363 | INFO     | src.models.trainer:train:149 - Epoch  15/50 | train_loss=0.9532 | val_loss=0.9630 | val_kappa=0.0843 | val_f1=0.3080 | lr=7.94e-04 | time=7.7s
2026-05-23 23:28:58.366 | INFO     | src.models.trainer:train:172 -   ✓ New best kappa=0.0843 — checkpoint saved
2026-05-23 23:29:06.131 | INFO     | src.models.trainer:train:149 - Epoch  16/50 | train_loss=0.9492 | val_loss=0.9700 | val_kappa=0.0852 | val_f1=0.2977 | lr=7.68e-04 | time=7.8s
2026-05-23 23:29:06.134 | INFO     | src.models.trainer:train:172 -   ✓ New best kappa=0.0852 — checkpoint saved
2026-05-23 23:29:17.945 | INFO     | src.models.trainer:train:149 - Epoch  17/50 | train_loss=0.9475 | val_loss=0.9718 | val_kappa=0.0941 | val_f1=0.3296 | lr=7.41e-04 | time=11.8s
2026-05-23 23:29:17.948 | INFO     | src.models.trainer:train:172 -   ✓ New best kappa=0.0941 — checkpoint saved
2026-05-23 23:29:28.445 | INFO     | src.models.trainer:train:149 - Epoch  18/50 | train_loss=0.9431 | val_loss=0.9756 | val_kappa=0.0893 | val_f1=0.3085 | lr=7.13e-04 | time=10.5s
2026-05-23 23:29:37.681 | INFO     | src.models.trainer:train:149 - Epoch  19/50 | train_loss=0.9395 | val_loss=0.9895 | val_kappa=0.0920 | val_f1=0.3122 | lr=6.84e-04 | time=9.2s
2026-05-23 23:29:44.561 | INFO     | src.models.trainer:train:149 - Epoch  20/50 | train_loss=0.9408 | val_loss=0.9880 | val_kappa=0.0965 | val_f1=0.3191 | lr=6.55e-04 | time=6.9s
2026-05-23 23:29:44.565 | INFO     | src.models.trainer:train:172 -   ✓ New best kappa=0.0965 — checkpoint saved
2026-05-23 23:29:53.220 | INFO     | src.models.trainer:train:149 - Epoch  21/50 | train_loss=0.9295 | val_loss=1.0000 | val_kappa=0.0964 | val_f1=0.3248 | lr=6.25e-04 | time=8.7s
2026-05-23 23:30:02.851 | INFO     | src.models.trainer:train:149 - Epoch  22/50 | train_loss=0.9239 | val_loss=1.0002 | val_kappa=0.0875 | val_f1=0.3185 | lr=5.94e-04 | time=9.6s
2026-05-23 23:30:17.639 | INFO     | src.models.trainer:train:149 - Epoch  23/50 | train_loss=0.9125 | val_loss=1.0035 | val_kappa=0.0788 | val_f1=0.2938 | lr=5.63e-04 | time=14.8s
2026-05-23 23:30:32.971 | INFO     | src.models.trainer:train:149 - Epoch  24/50 | train_loss=0.9078 | val_loss=1.0048 | val_kappa=0.0816 | val_f1=0.3114 | lr=5.32e-04 | time=15.3s
2026-05-23 23:30:48.156 | INFO     | src.models.trainer:train:149 - Epoch  25/50 | train_loss=0.8948 | val_loss=1.0125 | val_kappa=0.0699 | val_f1=0.3092 | lr=5.00e-04 | time=15.2s
2026-05-23 23:30:56.407 | INFO     | src.models.trainer:train:149 - Epoch  26/50 | train_loss=0.8897 | val_loss=1.0303 | val_kappa=0.0629 | val_f1=0.3032 | lr=4.69e-04 | time=8.3s
2026-05-23 23:31:06.113 | INFO     | src.models.trainer:train:149 - Epoch  27/50 | train_loss=0.8807 | val_loss=1.0582 | val_kappa=0.0647 | val_f1=0.3064 | lr=4.38e-04 | time=9.7s
2026-05-23 23:31:16.978 | INFO     | src.models.trainer:train:149 - Epoch  28/50 | train_loss=0.8741 | val_loss=1.0673 | val_kappa=0.0610 | val_f1=0.3103 | lr=4.07e-04 | time=10.9s
2026-05-23 23:31:28.200 | INFO     | src.models.trainer:train:149 - Epoch  29/50 | train_loss=0.8632 | val_loss=1.0978 | val_kappa=0.0561 | val_f1=0.2973 | lr=3.76e-04 | time=11.2s
2026-05-23 23:31:38.934 | INFO     | src.models.trainer:train:149 - Epoch  30/50 | train_loss=0.8585 | val_loss=1.0976 | val_kappa=0.0553 | val_f1=0.3028 | lr=3.46e-04 | time=10.7s
2026-05-23 23:31:38.934 | INFO     | src.models.trainer:train:177 - Early stopping at epoch 30 (no improvement for 10 epochs)
2026-05-23 23:31:38.935 | INFO     | src.models.trainer:train:182 - Restored best model (kappa=0.0965)
2026-05-23 23:31:38.935 | INFO     | src.models.trainer:evaluate_test:187 - Evaluating LOBAttention_k20 on test set...
2026-05-23 23:31:39.493 | INFO     | src.models.trainer:evaluate_test:224 - 
Test Results — LOBAttention_k20
2026-05-23 23:31:39.493 | INFO     | src.models.trainer:evaluate_test:225 - Kappa:    0.079
2026-05-23 23:31:39.494 | INFO     | src.models.trainer:evaluate_test:226 - Macro F1: 0.3153
2026-05-23 23:31:39.494 | INFO     | src.models.trainer:evaluate_test:227 - 
              precision    recall  f1-score   support

        down       0.18      0.48      0.26      1153
        flat       0.84      0.30      0.44      6534
          up       0.15      0.55      0.24       859

    accuracy                           0.35      8546
   macro avg       0.39      0.45      0.32      8546
weighted avg       0.68      0.35      0.40      8546

2026-05-23 23:31:39.495 | INFO     | src.models.trainer:evaluate_test:233 - Test results saved → experiments/20260524_025058/LOBAttention_k20_test_20260524_033139.json
2026-05-23 23:31:39.495 | INFO     | __main__:run_experiment:223 - 
============================================================
2026-05-23 23:31:39.495 | INFO     | __main__:run_experiment:224 - RESULTS SUMMARY — horizon k=20
2026-05-23 23:31:39.496 | INFO     | __main__:run_experiment:225 - Model                             Kappa  MacroF1  F1-down    F1-up
2026-05-23 23:31:39.496 | INFO     | __main__:run_experiment:226 - ------------------------------------------------------------
2026-05-23 23:31:39.496 | INFO     | __main__:_row:232 - LogisticRegression               0.0849   0.3301   0.2592   0.2485
2026-05-23 23:31:39.496 | INFO     | __main__:_row:232 - MLP                              0.0365   0.3326   0.0670   0.0803
2026-05-23 23:31:39.496 | INFO     | __main__:_row:232 - DeepLOB                          0.0032   0.2775   0.2114   0.1696
2026-05-23 23:31:39.496 | INFO     | __main__:_row:232 - LOBAttention                     0.0790   0.3153   0.2632   0.2380
2026-05-23 23:31:39.496 | INFO     | __main__:run_experiment:134 - 
============================================================
2026-05-23 23:31:39.496 | INFO     | __main__:run_experiment:135 - Running experiments for horizon k=50
2026-05-23 23:31:39.496 | INFO     | __main__:run_experiment:136 - ============================================================
2026-05-23 23:31:39.856 | INFO     | src.features.engineering:build_dataset:268 -   BTCUSDT: train=19,913 | val=4,267 | test=4,268
2026-05-23 23:31:40.604 | INFO     | src.features.engineering:build_dataset:268 -   ETHUSDT: train=19,914 | val=4,267 | test=4,268
2026-05-23 23:31:46.059 | INFO     | src.features.engineering:build_dataset:290 - Dataset built | horizon=k50 | seq_len=100 | features=41 | train=39,827 | val=8,534 | test=8,536
2026-05-23 23:31:46.059 | INFO     | src.features.engineering:build_dataset:298 -   train class distribution: {-1: 2352, 0: 34574, 1: 2901}
2026-05-23 23:31:46.059 | INFO     | src.features.engineering:build_dataset:298 -   val class distribution: {-1: 685, 0: 7343, 1: 506}
2026-05-23 23:31:46.060 | INFO     | src.features.engineering:build_dataset:298 -   test class distribution: {-1: 1256, 0: 6462, 1: 818}
2026-05-23 23:31:46.073 | INFO     | __main__:run_experiment:157 - Running sklearn baselines...
2026-05-23 23:31:46.073 | INFO     | src.models.baselines:run_logistic_regression:114 - Running Logistic Regression baseline...
2026-05-23 23:31:54.651 | INFO     | src.models.baselines:evaluate:75 - 
==================================================
2026-05-23 23:31:54.652 | INFO     | src.models.baselines:evaluate:76 - Model: LogisticRegression [val]
2026-05-23 23:31:54.652 | INFO     | src.models.baselines:evaluate:77 - Classes present: ['down', 'flat', 'up']
2026-05-23 23:31:54.652 | INFO     | src.models.baselines:evaluate:78 - Cohen's Kappa:   0.0935
2026-05-23 23:31:54.653 | INFO     | src.models.baselines:evaluate:79 - Macro F1:        0.3243
2026-05-23 23:31:54.653 | INFO     | src.models.baselines:evaluate:81 - F1 per class:    down=0.2214 | flat=0.5919 | up=0.1596
2026-05-23 23:31:54.653 | INFO     | src.models.baselines:evaluate:82 - 
Classification Report:
              precision    recall  f1-score   support

        down       0.15      0.42      0.22       685
        flat       0.93      0.43      0.59      7343
          up       0.09      0.58      0.16       506

    accuracy                           0.44      8534
   macro avg       0.39      0.48      0.32      8534
weighted avg       0.82      0.44      0.54      8534

2026-05-23 23:31:54.654 | INFO     | src.models.baselines:evaluate:83 - Confusion Matrix:
[[ 289  139  257]
 [1512 3181 2650]
 [ 125   85  296]]
2026-05-23 23:31:54.735 | INFO     | src.models.baselines:evaluate:75 - 
==================================================
2026-05-23 23:31:54.736 | INFO     | src.models.baselines:evaluate:76 - Model: LogisticRegression [test]
2026-05-23 23:31:54.736 | INFO     | src.models.baselines:evaluate:77 - Classes present: ['down', 'flat', 'up']
2026-05-23 23:31:54.736 | INFO     | src.models.baselines:evaluate:78 - Cohen's Kappa:   0.0610
2026-05-23 23:31:54.736 | INFO     | src.models.baselines:evaluate:79 - Macro F1:        0.3245
2026-05-23 23:31:54.737 | INFO     | src.models.baselines:evaluate:81 - F1 per class:    down=0.2184 | flat=0.5371 | up=0.2179
2026-05-23 23:31:54.737 | INFO     | src.models.baselines:evaluate:82 - 
Classification Report:
              precision    recall  f1-score   support

        down       0.17      0.31      0.22      1256
        flat       0.80      0.40      0.54      6462
          up       0.14      0.51      0.22       818

    accuracy                           0.40      8536
   macro avg       0.37      0.41      0.32      8536
weighted avg       0.65      0.40      0.46      8536

2026-05-23 23:31:54.737 | INFO     | src.models.baselines:evaluate:83 - Confusion Matrix:
[[ 385  407  464]
 [1713 2605 2144]
 [ 172  227  419]]
2026-05-23 23:31:54.738 | INFO     | src.models.baselines:run_mlp:163 - Running MLP baseline...
2026-05-23 23:35:18.077 | INFO     | src.models.baselines:run_mlp:194 - MLP converged after 23 iterations
2026-05-23 23:35:18.215 | INFO     | src.models.baselines:evaluate:75 - 
==================================================
2026-05-23 23:35:18.215 | INFO     | src.models.baselines:evaluate:76 - Model: MLP [val]
2026-05-23 23:35:18.215 | INFO     | src.models.baselines:evaluate:77 - Classes present: ['down', 'flat', 'up']
2026-05-23 23:35:18.216 | INFO     | src.models.baselines:evaluate:78 - Cohen's Kappa:   -0.0000
2026-05-23 23:35:18.216 | INFO     | src.models.baselines:evaluate:79 - Macro F1:        0.3232
2026-05-23 23:35:18.216 | INFO     | src.models.baselines:evaluate:81 - F1 per class:    down=0.0261 | flat=0.8939 | up=0.0497
2026-05-23 23:35:18.216 | INFO     | src.models.baselines:evaluate:82 - 
Classification Report:
              precision    recall  f1-score   support

        down       0.05      0.02      0.03       685
        flat       0.86      0.93      0.89      7343
          up       0.06      0.04      0.05       506

    accuracy                           0.80      8534
   macro avg       0.32      0.33      0.32      8534
weighted avg       0.75      0.80      0.77      8534

2026-05-23 23:35:18.217 | INFO     | src.models.baselines:evaluate:83 - Confusion Matrix:
[[  12  640   33]
 [ 196 6822  325]
 [  26  458   22]]
2026-05-23 23:35:18.371 | INFO     | src.models.baselines:evaluate:75 - 
==================================================
2026-05-23 23:35:18.372 | INFO     | src.models.baselines:evaluate:76 - Model: MLP [test]
2026-05-23 23:35:18.372 | INFO     | src.models.baselines:evaluate:77 - Classes present: ['down', 'flat', 'up']
2026-05-23 23:35:18.372 | INFO     | src.models.baselines:evaluate:78 - Cohen's Kappa:   0.0179
2026-05-23 23:35:18.372 | INFO     | src.models.baselines:evaluate:79 - Macro F1:        0.3183
2026-05-23 23:35:18.372 | INFO     | src.models.baselines:evaluate:81 - F1 per class:    down=0.0372 | flat=0.8420 | up=0.0756
2026-05-23 23:35:18.372 | INFO     | src.models.baselines:evaluate:82 - 
Classification Report:
              precision    recall  f1-score   support

        down       0.14      0.02      0.04      1256
        flat       0.76      0.94      0.84      6462
          up       0.13      0.05      0.08       818

    accuracy                           0.72      8536
   macro avg       0.34      0.34      0.32      8536
weighted avg       0.61      0.72      0.65      8536

2026-05-23 23:35:18.373 | INFO     | src.models.baselines:evaluate:83 - Confusion Matrix:
[[  27 1169   60]
 [ 134 6086  242]
 [  35  739   44]]
2026-05-23 23:35:18.381 | INFO     | src.models.baselines:run_baselines:234 - Baseline results saved → experiments/20260524_025058/baselines_20260524_033518.json
2026-05-23 23:35:18.381 | INFO     | src.models.baselines:run_baselines:237 - 
{'='*50}
2026-05-23 23:35:18.381 | INFO     | src.models.baselines:run_baselines:238 - BASELINE COMPARISON (test set)
2026-05-23 23:35:18.381 | INFO     | src.models.baselines:run_baselines:239 - Model                        Kappa  MacroF1  F1-down    F1-up
2026-05-23 23:35:18.381 | INFO     | src.models.baselines:run_baselines:240 - ------------------------------------------------------------
2026-05-23 23:35:18.381 | INFO     | src.models.baselines:run_baselines:243 - logistic_regression         0.0610   0.3245   0.2184   0.2179
2026-05-23 23:35:18.382 | INFO     | src.models.baselines:run_baselines:243 - mlp                         0.0179   0.3183   0.0372   0.0756
2026-05-23 23:35:18.658 | INFO     | __main__:run_experiment:175 - Training DeepLOB...
2026-05-23 23:35:18.666 | INFO     | src.models.architectures:build_model:440 - Built DeepLOB | params=77,248
2026-05-23 23:35:18.667 | INFO     | src.models.trainer:get_device:20 - Using GPU: NVIDIA GeForce GTX 1650
2026-05-23 23:35:18.694 | INFO     | src.models.trainer:train:108 - Training DeepLOB_k50 | epochs=50 | patience=10 | device=cuda
2026-05-23 23:35:44.388 | INFO     | src.models.trainer:train:149 - Epoch   1/50 | train_loss=1.1206 | val_loss=1.0619 | val_kappa=0.0608 | val_f1=0.3704 | lr=9.99e-04 | time=25.7s
2026-05-23 23:35:44.398 | INFO     | src.models.trainer:train:172 -   ✓ New best kappa=0.0608 — checkpoint saved
2026-05-23 23:36:19.644 | INFO     | src.models.trainer:train:149 - Epoch   2/50 | train_loss=1.0972 | val_loss=1.0690 | val_kappa=0.0435 | val_f1=0.3616 | lr=9.96e-04 | time=35.2s
2026-05-23 23:36:57.865 | INFO     | src.models.trainer:train:149 - Epoch   3/50 | train_loss=1.0816 | val_loss=1.0793 | val_kappa=-0.0172 | val_f1=0.2257 | lr=9.91e-04 | time=38.2s
2026-05-23 23:37:32.898 | INFO     | src.models.trainer:train:149 - Epoch   4/50 | train_loss=1.0675 | val_loss=1.0837 | val_kappa=0.0111 | val_f1=0.3421 | lr=9.84e-04 | time=35.0s
2026-05-23 23:38:10.660 | INFO     | src.models.trainer:train:149 - Epoch   5/50 | train_loss=1.0464 | val_loss=1.1803 | val_kappa=0.0019 | val_f1=0.2226 | lr=9.76e-04 | time=37.8s
2026-05-23 23:38:49.861 | INFO     | src.models.trainer:train:149 - Epoch   6/50 | train_loss=1.0339 | val_loss=1.1474 | val_kappa=-0.0513 | val_f1=0.2515 | lr=9.65e-04 | time=39.2s
2026-05-23 23:39:32.395 | INFO     | src.models.trainer:train:149 - Epoch   7/50 | train_loss=1.0144 | val_loss=1.1530 | val_kappa=-0.0191 | val_f1=0.2564 | lr=9.52e-04 | time=42.5s
2026-05-23 23:40:12.416 | INFO     | src.models.trainer:train:149 - Epoch   8/50 | train_loss=1.0010 | val_loss=1.2491 | val_kappa=-0.0494 | val_f1=0.2640 | lr=9.38e-04 | time=40.0s
2026-05-23 23:40:54.307 | INFO     | src.models.trainer:train:149 - Epoch   9/50 | train_loss=0.9616 | val_loss=1.2271 | val_kappa=-0.0402 | val_f1=0.2771 | lr=9.22e-04 | time=41.9s
2026-05-23 23:41:33.823 | INFO     | src.models.trainer:train:149 - Epoch  10/50 | train_loss=0.9467 | val_loss=1.1663 | val_kappa=0.0206 | val_f1=0.3210 | lr=9.05e-04 | time=39.5s
2026-05-23 23:42:11.418 | INFO     | src.models.trainer:train:149 - Epoch  11/50 | train_loss=0.8960 | val_loss=1.2848 | val_kappa=0.0704 | val_f1=0.3467 | lr=8.85e-04 | time=37.6s
2026-05-23 23:42:11.426 | INFO     | src.models.trainer:train:172 -   ✓ New best kappa=0.0704 — checkpoint saved
2026-05-23 23:42:57.031 | INFO     | src.models.trainer:train:149 - Epoch  12/50 | train_loss=0.8578 | val_loss=1.3744 | val_kappa=0.0545 | val_f1=0.3254 | lr=8.65e-04 | time=45.6s
2026-05-23 23:43:36.827 | INFO     | src.models.trainer:train:149 - Epoch  13/50 | train_loss=0.8155 | val_loss=1.4681 | val_kappa=0.0718 | val_f1=0.3526 | lr=8.42e-04 | time=39.8s
2026-05-23 23:43:36.848 | INFO     | src.models.trainer:train:172 -   ✓ New best kappa=0.0718 — checkpoint saved
2026-05-23 23:44:16.711 | INFO     | src.models.trainer:train:149 - Epoch  14/50 | train_loss=0.7911 | val_loss=1.5332 | val_kappa=0.0251 | val_f1=0.3236 | lr=8.19e-04 | time=39.9s
2026-05-23 23:44:58.699 | INFO     | src.models.trainer:train:149 - Epoch  15/50 | train_loss=0.7951 | val_loss=1.4279 | val_kappa=0.0871 | val_f1=0.3863 | lr=7.94e-04 | time=42.0s
2026-05-23 23:44:58.727 | INFO     | src.models.trainer:train:172 -   ✓ New best kappa=0.0871 — checkpoint saved
2026-05-23 23:45:33.418 | INFO     | src.models.trainer:train:149 - Epoch  16/50 | train_loss=0.7104 | val_loss=1.6083 | val_kappa=0.0387 | val_f1=0.3565 | lr=7.68e-04 | time=34.7s
2026-05-23 23:46:10.394 | INFO     | src.models.trainer:train:149 - Epoch  17/50 | train_loss=0.6793 | val_loss=1.5571 | val_kappa=0.0366 | val_f1=0.3568 | lr=7.41e-04 | time=37.0s
2026-05-23 23:46:49.164 | INFO     | src.models.trainer:train:149 - Epoch  18/50 | train_loss=0.6368 | val_loss=1.4879 | val_kappa=0.0671 | val_f1=0.3853 | lr=7.13e-04 | time=38.8s
2026-05-23 23:47:23.432 | INFO     | src.models.trainer:train:149 - Epoch  19/50 | train_loss=0.6300 | val_loss=1.6348 | val_kappa=0.0691 | val_f1=0.3792 | lr=6.84e-04 | time=34.3s
2026-05-23 23:48:04.783 | INFO     | src.models.trainer:train:149 - Epoch  20/50 | train_loss=0.5713 | val_loss=1.6969 | val_kappa=0.0231 | val_f1=0.3503 | lr=6.55e-04 | time=41.4s
2026-05-23 23:48:49.327 | INFO     | src.models.trainer:train:149 - Epoch  21/50 | train_loss=0.5477 | val_loss=1.8033 | val_kappa=0.0030 | val_f1=0.3390 | lr=6.25e-04 | time=44.5s
2026-05-23 23:49:29.094 | INFO     | src.models.trainer:train:149 - Epoch  22/50 | train_loss=0.4929 | val_loss=1.9787 | val_kappa=0.0087 | val_f1=0.3414 | lr=5.94e-04 | time=39.8s
2026-05-23 23:50:05.848 | INFO     | src.models.trainer:train:149 - Epoch  23/50 | train_loss=0.5098 | val_loss=2.0166 | val_kappa=0.0055 | val_f1=0.3391 | lr=5.63e-04 | time=36.8s
2026-05-23 23:50:50.456 | INFO     | src.models.trainer:train:149 - Epoch  24/50 | train_loss=0.4779 | val_loss=2.0932 | val_kappa=0.0246 | val_f1=0.3507 | lr=5.32e-04 | time=44.6s
2026-05-23 23:51:34.507 | INFO     | src.models.trainer:train:149 - Epoch  25/50 | train_loss=0.4366 | val_loss=2.2798 | val_kappa=0.0083 | val_f1=0.3396 | lr=5.00e-04 | time=44.0s
2026-05-23 23:51:34.508 | INFO     | src.models.trainer:train:177 - Early stopping at epoch 25 (no improvement for 10 epochs)
2026-05-23 23:51:34.518 | INFO     | src.models.trainer:train:182 - Restored best model (kappa=0.0871)
2026-05-23 23:51:34.519 | INFO     | src.models.trainer:evaluate_test:187 - Evaluating DeepLOB_k50 on test set...
2026-05-23 23:51:37.108 | INFO     | src.models.trainer:evaluate_test:224 - 
Test Results — DeepLOB_k50
2026-05-23 23:51:37.109 | INFO     | src.models.trainer:evaluate_test:225 - Kappa:    0.0599
2026-05-23 23:51:37.109 | INFO     | src.models.trainer:evaluate_test:226 - Macro F1: 0.3530
2026-05-23 23:51:37.110 | INFO     | src.models.trainer:evaluate_test:227 - 
              precision    recall  f1-score   support

        down       0.15      0.04      0.07      1256
        flat       0.77      0.84      0.80      6462
          up       0.16      0.23      0.19       818

    accuracy                           0.66      8536
   macro avg       0.36      0.37      0.35      8536
weighted avg       0.62      0.66      0.64      8536

2026-05-23 23:51:37.111 | INFO     | src.models.trainer:evaluate_test:233 - Test results saved → experiments/20260524_025058/DeepLOB_k50_test_20260524_035137.json
2026-05-23 23:51:37.112 | INFO     | __main__:run_experiment:201 - Training LevelConditionalAttention...
2026-05-23 23:51:37.119 | INFO     | src.models.architectures:build_model:440 - Built LevelConditionalAttention | params=82,637
2026-05-23 23:51:37.119 | INFO     | src.models.trainer:get_device:20 - Using GPU: NVIDIA GeForce GTX 1650
2026-05-23 23:51:37.130 | INFO     | src.models.trainer:train:108 - Training LOBAttention_k50 | epochs=50 | patience=10 | device=cuda
2026-05-23 23:51:49.875 | INFO     | src.models.trainer:train:149 - Epoch   1/50 | train_loss=1.0807 | val_loss=1.0560 | val_kappa=0.0492 | val_f1=0.2947 | lr=9.99e-04 | time=12.7s
2026-05-23 23:51:49.882 | INFO     | src.models.trainer:train:172 -   ✓ New best kappa=0.0492 — checkpoint saved
2026-05-23 23:52:00.187 | INFO     | src.models.trainer:train:149 - Epoch   2/50 | train_loss=1.0548 | val_loss=1.0375 | val_kappa=0.1062 | val_f1=0.3595 | lr=9.96e-04 | time=10.3s
2026-05-23 23:52:00.197 | INFO     | src.models.trainer:train:172 -   ✓ New best kappa=0.1062 — checkpoint saved
2026-05-23 23:52:13.207 | INFO     | src.models.trainer:train:149 - Epoch   3/50 | train_loss=1.0364 | val_loss=1.0272 | val_kappa=0.1103 | val_f1=0.3597 | lr=9.91e-04 | time=13.0s
2026-05-23 23:52:13.223 | INFO     | src.models.trainer:train:172 -   ✓ New best kappa=0.1103 — checkpoint saved
2026-05-23 23:52:24.010 | INFO     | src.models.trainer:train:149 - Epoch   4/50 | train_loss=1.0290 | val_loss=1.0194 | val_kappa=0.1115 | val_f1=0.3597 | lr=9.84e-04 | time=10.8s
2026-05-23 23:52:24.030 | INFO     | src.models.trainer:train:172 -   ✓ New best kappa=0.1115 — checkpoint saved
2026-05-23 23:52:37.542 | INFO     | src.models.trainer:train:149 - Epoch   5/50 | train_loss=1.0234 | val_loss=1.0178 | val_kappa=0.1119 | val_f1=0.3593 | lr=9.76e-04 | time=13.5s
2026-05-23 23:52:37.551 | INFO     | src.models.trainer:train:172 -   ✓ New best kappa=0.1119 — checkpoint saved
2026-05-23 23:52:47.630 | INFO     | src.models.trainer:train:149 - Epoch   6/50 | train_loss=1.0190 | val_loss=1.0157 | val_kappa=0.1094 | val_f1=0.3554 | lr=9.65e-04 | time=10.1s
2026-05-23 23:52:58.494 | INFO     | src.models.trainer:train:149 - Epoch   7/50 | train_loss=1.0162 | val_loss=1.0132 | val_kappa=0.1028 | val_f1=0.3474 | lr=9.52e-04 | time=10.9s
2026-05-23 23:53:09.419 | INFO     | src.models.trainer:train:149 - Epoch   8/50 | train_loss=1.0111 | val_loss=1.0112 | val_kappa=0.1032 | val_f1=0.3462 | lr=9.38e-04 | time=10.9s
2026-05-23 23:53:19.449 | INFO     | src.models.trainer:train:149 - Epoch   9/50 | train_loss=1.0092 | val_loss=1.0131 | val_kappa=0.1046 | val_f1=0.3483 | lr=9.22e-04 | time=10.0s
2026-05-23 23:53:28.610 | INFO     | src.models.trainer:train:149 - Epoch  10/50 | train_loss=1.0089 | val_loss=1.0079 | val_kappa=0.0939 | val_f1=0.3350 | lr=9.05e-04 | time=9.2s
2026-05-23 23:53:39.217 | INFO     | src.models.trainer:train:149 - Epoch  11/50 | train_loss=1.0034 | val_loss=1.0079 | val_kappa=0.0964 | val_f1=0.3372 | lr=8.85e-04 | time=10.6s
2026-05-23 23:53:50.690 | INFO     | src.models.trainer:train:149 - Epoch  12/50 | train_loss=1.0009 | val_loss=1.0114 | val_kappa=0.0982 | val_f1=0.3396 | lr=8.65e-04 | time=11.5s
2026-05-23 23:53:59.542 | INFO     | src.models.trainer:train:149 - Epoch  13/50 | train_loss=0.9970 | val_loss=1.0085 | val_kappa=0.1072 | val_f1=0.3512 | lr=8.42e-04 | time=8.9s
2026-05-23 23:54:07.242 | INFO     | src.models.trainer:train:149 - Epoch  14/50 | train_loss=0.9950 | val_loss=1.0153 | val_kappa=0.0980 | val_f1=0.3408 | lr=8.19e-04 | time=7.7s
2026-05-23 23:54:14.824 | INFO     | src.models.trainer:train:149 - Epoch  15/50 | train_loss=0.9929 | val_loss=1.0107 | val_kappa=0.1013 | val_f1=0.3457 | lr=7.94e-04 | time=7.6s
2026-05-23 23:54:14.825 | INFO     | src.models.trainer:train:177 - Early stopping at epoch 15 (no improvement for 10 epochs)
2026-05-23 23:54:14.827 | INFO     | src.models.trainer:train:182 - Restored best model (kappa=0.1119)
2026-05-23 23:54:14.828 | INFO     | src.models.trainer:evaluate_test:187 - Evaluating LOBAttention_k50 on test set...
2026-05-23 23:54:15.982 | INFO     | src.models.trainer:evaluate_test:224 - 
Test Results — LOBAttention_k50
2026-05-23 23:54:15.982 | INFO     | src.models.trainer:evaluate_test:225 - Kappa:    0.0929
2026-05-23 23:54:15.982 | INFO     | src.models.trainer:evaluate_test:226 - Macro F1: 0.3683
2026-05-23 23:54:15.982 | INFO     | src.models.trainer:evaluate_test:227 - 
              precision    recall  f1-score   support

        down       0.19      0.36      0.25      1256
        flat       0.81      0.55      0.65      6462
          up       0.14      0.32      0.20       818

    accuracy                           0.50      8536
   macro avg       0.38      0.41      0.37      8536
weighted avg       0.66      0.50      0.55      8536

2026-05-23 23:54:15.983 | INFO     | src.models.trainer:evaluate_test:233 - Test results saved → experiments/20260524_025058/LOBAttention_k50_test_20260524_035415.json
2026-05-23 23:54:15.984 | INFO     | __main__:run_experiment:223 - 
============================================================
2026-05-23 23:54:15.984 | INFO     | __main__:run_experiment:224 - RESULTS SUMMARY — horizon k=50
2026-05-23 23:54:15.985 | INFO     | __main__:run_experiment:225 - Model                             Kappa  MacroF1  F1-down    F1-up
2026-05-23 23:54:15.985 | INFO     | __main__:run_experiment:226 - ------------------------------------------------------------
2026-05-23 23:54:15.985 | INFO     | __main__:_row:232 - LogisticRegression               0.0610   0.3245   0.2184   0.2179
2026-05-23 23:54:15.985 | INFO     | __main__:_row:232 - MLP                              0.0179   0.3183   0.0372   0.0756
2026-05-23 23:54:15.985 | INFO     | __main__:_row:232 - DeepLOB                          0.0599   0.3530   0.0674   0.1881
2026-05-23 23:54:15.986 | INFO     | __main__:_row:232 - LOBAttention                     0.0929   0.3683   0.2535   0.1970
2026-05-23 23:54:15.989 | INFO     | __main__:run_experiment:262 - 
All results saved → experiments/20260524_025058/all_results.json
2026-05-23 23:54:15.989 | INFO     | __main__:run_experiment:263 - Experiment complete | dir=experiments/20260524_025058
